Archive member included to satisfy reference by file (symbol)

c:/users/ryan/mentorgraphics/sourcery_codebench_lite_for_arm_eabi/bin/../lib/gcc/arm-none-eabi/4.8.3\libgcc.a(_udivsi3.o)
                              obj/ddram_EPSGlobal.o (__aeabi_uidiv)
c:/users/ryan/mentorgraphics/sourcery_codebench_lite_for_arm_eabi/bin/../lib/gcc/arm-none-eabi/4.8.3\libgcc.a(_dvmd_tls.o)
                              c:/users/ryan/mentorgraphics/sourcery_codebench_lite_for_arm_eabi/bin/../lib/gcc/arm-none-eabi/4.8.3\libgcc.a(_udivsi3.o) (__aeabi_idiv0)
c:\users\ryan\mentorgraphics\sourcery_codebench_lite_for_arm_eabi\bin\../arm-none-eabi/lib\libc.a(lib_a-assert.o)
                              obj/ddram_EPSGlobal.o (__assert_func)
c:\users\ryan\mentorgraphics\sourcery_codebench_lite_for_arm_eabi\bin\../arm-none-eabi/lib\libc.a(lib_a-atoi.o)
                              obj/ddram_EPSGlobal.o (atoi)
c:\users\ryan\mentorgraphics\sourcery_codebench_lite_for_arm_eabi\bin\../arm-none-eabi/lib\libc.a(lib_a-ctype_.o)
                              obj/ddram_EPSGlobal.o (__ctype_ptr__)
c:\users\ryan\mentorgraphics\sourcery_codebench_lite_for_arm_eabi\bin\../arm-none-eabi/lib\libc.a(lib_a-fiprintf.o)
                              c:\users\ryan\mentorgraphics\sourcery_codebench_lite_for_arm_eabi\bin\../arm-none-eabi/lib\libc.a(lib_a-assert.o) (fiprintf)
c:\users\ryan\mentorgraphics\sourcery_codebench_lite_for_arm_eabi\bin\../arm-none-eabi/lib\libc.a(lib_a-impure.o)
                              c:\users\ryan\mentorgraphics\sourcery_codebench_lite_for_arm_eabi\bin\../arm-none-eabi/lib\libc.a(lib_a-assert.o) (_impure_ptr)
c:\users\ryan\mentorgraphics\sourcery_codebench_lite_for_arm_eabi\bin\../arm-none-eabi/lib\libc.a(lib_a-iprintf.o)
                              obj/ddram_main.o (iprintf)
c:\users\ryan\mentorgraphics\sourcery_codebench_lite_for_arm_eabi\bin\../arm-none-eabi/lib\libc.a(lib_a-memcmp.o)
                              obj/ddram_EPSGlobal.o (memcmp)
c:\users\ryan\mentorgraphics\sourcery_codebench_lite_for_arm_eabi\bin\../arm-none-eabi/lib\libc.a(lib_a-memcpy-stub.o)
                              obj/ddram_EPSGlobal.o (memcpy)
c:\users\ryan\mentorgraphics\sourcery_codebench_lite_for_arm_eabi\bin\../arm-none-eabi/lib\libc.a(lib_a-memset.o)
                              obj/ddram_EPSGlobal.o (memset)
c:\users\ryan\mentorgraphics\sourcery_codebench_lite_for_arm_eabi\bin\../arm-none-eabi/lib\libc.a(lib_a-rand.o)
                              obj/ddram_textEntry.o (srand)
c:\users\ryan\mentorgraphics\sourcery_codebench_lite_for_arm_eabi\bin\../arm-none-eabi/lib\libc.a(lib_a-sprintf.o)
                              obj/ddram_EPSGlobal.o (sprintf)
c:\users\ryan\mentorgraphics\sourcery_codebench_lite_for_arm_eabi\bin\../arm-none-eabi/lib\libc.a(lib_a-strcat.o)
                              obj/ddram_EPSGlobal.o (strcat)
c:\users\ryan\mentorgraphics\sourcery_codebench_lite_for_arm_eabi\bin\../arm-none-eabi/lib\libc.a(lib_a-strcpy.o)
                              obj/ddram_EPSGlobal.o (strcpy)
c:\users\ryan\mentorgraphics\sourcery_codebench_lite_for_arm_eabi\bin\../arm-none-eabi/lib\libc.a(lib_a-strlen.o)
                              obj/ddram_EPSGlobal.o (strlen)
c:\users\ryan\mentorgraphics\sourcery_codebench_lite_for_arm_eabi\bin\../arm-none-eabi/lib\libc.a(lib_a-strtol.o)
                              c:\users\ryan\mentorgraphics\sourcery_codebench_lite_for_arm_eabi\bin\../arm-none-eabi/lib\libc.a(lib_a-atoi.o) (_strtol_r)
c:\users\ryan\mentorgraphics\sourcery_codebench_lite_for_arm_eabi\bin\../arm-none-eabi/lib\libc.a(lib_a-svfprintf.o)
                              c:\users\ryan\mentorgraphics\sourcery_codebench_lite_for_arm_eabi\bin\../arm-none-eabi/lib\libc.a(lib_a-sprintf.o) (_svfprintf_r)
c:\users\ryan\mentorgraphics\sourcery_codebench_lite_for_arm_eabi\bin\../arm-none-eabi/lib\libc.a(lib_a-vfiprintf.o)
                              c:\users\ryan\mentorgraphics\sourcery_codebench_lite_for_arm_eabi\bin\../arm-none-eabi/lib\libc.a(lib_a-fiprintf.o) (_vfiprintf_r)
c:\users\ryan\mentorgraphics\sourcery_codebench_lite_for_arm_eabi\bin\../arm-none-eabi/lib\libc.a(lib_a-wsetup.o)
                              c:\users\ryan\mentorgraphics\sourcery_codebench_lite_for_arm_eabi\bin\../arm-none-eabi/lib\libc.a(lib_a-vfiprintf.o) (__swsetup_r)
c:\users\ryan\mentorgraphics\sourcery_codebench_lite_for_arm_eabi\bin\../arm-none-eabi/lib\libc.a(lib_a-abort.o)
                              c:\users\ryan\mentorgraphics\sourcery_codebench_lite_for_arm_eabi\bin\../arm-none-eabi/lib\libc.a(lib_a-assert.o) (abort)
c:\users\ryan\mentorgraphics\sourcery_codebench_lite_for_arm_eabi\bin\../arm-none-eabi/lib\libc.a(lib_a-dtoa.o)
                              c:\users\ryan\mentorgraphics\sourcery_codebench_lite_for_arm_eabi\bin\../arm-none-eabi/lib\libc.a(lib_a-svfprintf.o) (_dtoa_r)
c:\users\ryan\mentorgraphics\sourcery_codebench_lite_for_arm_eabi\bin\../arm-none-eabi/lib\libc.a(lib_a-fflush.o)
[...]
Memory Configuration

Name             Origin             Length             Attributes
sram             0x00300000         0x00008000         w !xr
ddr_ebi1         0x20000000         0x02000000         w !xr
*default*        0x00000000         0xffffffff

Linker script and memory map

LOAD c:/users/ryan/mentorgraphics/sourcery_codebench_lite_for_arm_eabi/bin/../lib/gcc/arm-none-eabi/4.8.3/crti.o
LOAD c:/users/ryan/mentorgraphics/sourcery_codebench_lite_for_arm_eabi/bin/../lib/gcc/arm-none-eabi/4.8.3/crtbegin.o
LOAD obj/ddram_main.o
LOAD obj/ddram_EPSGlobal.o
LOAD obj/ddram_textEntry.o
LOAD obj/ddram_touchCtrl.o
LOAD obj/ddram_SPIStor_EPS.o
LOAD obj/ddram_aes.o
LOAD obj/ddram_convEndian.o
LOAD obj/ddram_PBKDF2_HMACSHA256.o
LOAD obj/ddram_scrypt.o
START GROUP
LOAD c:/users/ryan/mentorgraphics/sourcery_codebench_lite_for_arm_eabi/bin/../lib/gcc/arm-none-eabi/4.8.3\libgcc.a
LOAD c:\users\ryan\mentorgraphics\sourcery_codebench_lite_for_arm_eabi\bin\../arm-none-eabi/lib\libc.a
LOAD ../../../../libraries/libchip_sam9xx5/lib\libchip_sam9g15_gcc_rel.a
LOAD ../../../../libraries/libboard_sam9xx5-ek/lib\libboard_sam9g15_ek_gcc_rel.a
LOAD ../../../../libraries/libspiflash/lib\libspiflash_gcc_rel.a
END GROUP
START GROUP
LOAD c:/users/ryan/mentorgraphics/sourcery_codebench_lite_for_arm_eabi/bin/../lib/gcc/arm-none-eabi/4.8.3\libgcc.a
LOAD c:\users\ryan\mentorgraphics\sourcery_codebench_lite_for_arm_eabi\bin\../arm-none-eabi/lib\libc.a
END GROUP
LOAD c:/users/ryan/mentorgraphics/sourcery_codebench_lite_for_arm_eabi/bin/../lib/gcc/arm-none-eabi/4.8.3/crtend.o
LOAD c:/users/ryan/mentorgraphics/sourcery_codebench_lite_for_arm_eabi/bin/../lib/gcc/arm-none-eabi/4.8.3/crtn.o

.fixed0         0x20000000    0x29ff4
                0x20000000                . = ALIGN (0x4)
                0x20000000                _sfixed = .
 *(.textEntry)
 .textEntry     0x20000000       0xc8 ../../../../libraries/libboard_sam9xx5-ek/lib\libboard_sam9g15_ek_gcc_rel.a(board_cstartup_gnu.o)
                0x20000000                entry
 *(.text*)
 .text          0x200000c8      0x128 c:/users/ryan/mentorgraphics/sourcery_codebench_lite_for_arm_eabi/bin/../lib/gcc/arm-none-eabi/4.8.3/crtbegin.o
 .text.startup.main
                0x200001f0      0x1c4 obj/ddram_main.o
                0x200001f0                main
 .text.ADC_IrqHandler
                0x200003b4       0x40 obj/ddram_EPSGlobal.o
                0x200003b4                ADC_IrqHandler
 .text.ADC_init
                0x200003f4       0xe8 obj/ddram_EPSGlobal.o
                0x200003f4                ADC_init
 .text.drawButton
                0x200004dc       0xa4 obj/ddram_EPSGlobal.o
                0x200004dc                drawButton
 .text.autoShutdn_init
                0x20000580       0x68 obj/ddram_EPSGlobal.o
                0x20000580                autoShutdn_init
 .text.autoShutdn_timerRst
                0x200005e8       0x20 obj/ddram_EPSGlobal.o
                0x200005e8                autoShutdn_timerRst
 .text.shutdown
                0x20000608       0x3c obj/ddram_EPSGlobal.o
                0x20000608                shutdown
 .text.autoShutdn_check
                0x20000644       0x58 obj/ddram_EPSGlobal.o
                0x20000644                autoShutdn_check
 .text.delay_msOrUS_init
                0x2000069c       0x4c obj/ddram_EPSGlobal.o
                0x2000069c                delay_msOrUS_init
 .text.delay_msOrUS
                0x200006e8       0x7c obj/ddram_EPSGlobal.o
                0x200006e8                delay_msOrUS
 .text.powerCheck_readADC
                0x20000764       0x38 obj/ddram_EPSGlobal.o
                0x20000764                powerCheck_readADC
 .text.powerCheck_redraw
                0x2000079c      0x174 obj/ddram_EPSGlobal.o
                0x2000079c                powerCheck_redraw
 .text.powerCheck_iterate
                0x20000910       0x40 obj/ddram_EPSGlobal.o
                0x20000910                powerCheck_iterate
 .text.powerCheck_forBadVIn
                0x20000950       0x84 obj/ddram_EPSGlobal.o
                0x20000950                powerCheck_forBadVIn
 .text.TWI0_IrqHandler
                0x200009d4       0x18 obj/ddram_EPSGlobal.o
                0x200009d4                TWI0_IrqHandler
 .text.getIVsInUse
                0x200009ec      0x144 obj/ddram_EPSGlobal.o
                0x200009ec                getIVsInUse
 .text.getNewIV
                0x20000b30      0x108 obj/ddram_EPSGlobal.o
                0x20000b30                getNewIV
 .text.getYesOrNo
                0x20000c38       0xd4 obj/ddram_EPSGlobal.o
                0x20000c38                getYesOrNo
 .text.getOk    0x20000d0c       0x80 obj/ddram_EPSGlobal.o
                0x20000d0c                getOk
 .text.autogenPassword
                0x20000d8c      0x198 obj/ddram_EPSGlobal.o
                0x20000d8c                autogenPassword
 .text.drawAngleUp
                0x20000f24       0x60 obj/ddram_EPSGlobal.o
                0x20000f24                drawAngleUp
 .text.drawAngleDown
                0x20000f84       0x5c obj/ddram_EPSGlobal.o
                0x20000f84                drawAngleDown
 .text.moveAcnt
                0x20000fe0      0x2d8 obj/ddram_EPSGlobal.o
                0x20000fe0                moveAcnt
 .text.deleteAcnt
                0x200012b8       0xfc obj/ddram_EPSGlobal.o
                0x200012b8                deleteAcnt
 .text.doINIT   0x200013b4      0x390 obj/ddram_EPSGlobal.o
                0x200013b4                doINIT
 .text.doLOCKED
                0x20001744      0x298 obj/ddram_EPSGlobal.o
                0x20001744                doLOCKED
 .text.doHOME   0x200019dc      0x248 obj/ddram_EPSGlobal.o
                0x200019dc                doHOME
 .text.doADD    0x20001c24      0x4a0 obj/ddram_EPSGlobal.o
                0x20001c24                doADD
 .text.doVIEW   0x200020c4      0x774 obj/ddram_EPSGlobal.o
                0x200020c4                doVIEW
 .text.doVIEW2  0x20002838      0x61c obj/ddram_EPSGlobal.o
                0x20002838                doVIEW2
 .text.setKbLayout
                0x20002e54      0x240 obj/ddram_textEntry.o
                0x20002e54                setKbLayout
 .text.displayKey
                0x20003094       0xa8 obj/ddram_textEntry.o
                0x20003094                displayKey
 .text.displayKb
                0x2000313c      0x3c8 obj/ddram_textEntry.o
                0x2000313c                displayKb
 .text.putGetLine
                0x20003504     0x652c obj/ddram_textEntry.o
                0x20003504                putGetLine
 .text.randCharHelper
                0x20009a30       0x4c obj/ddram_textEntry.o
                0x20009a30                randCharHelper
 .text.touchCtrl_setup
                0x20009a7c       0x40 obj/ddram_touchCtrl.o
                0x20009a7c                touchCtrl_setup
 .text.touchCtrl_loadFw
                0x20009abc       0xc8 obj/ddram_touchCtrl.o
                0x20009abc                touchCtrl_loadFw
 .text.touchCtrl_startup
                0x20009b84       0x44 obj/ddram_touchCtrl.o
                0x20009b84                touchCtrl_startup
 .text.touchCtrl_reset
                0x20009bc8      0x13c obj/ddram_touchCtrl.o
                0x20009bc8                touchCtrl_reset
 .text.touchCtrl_init
                0x20009d04       0x78 obj/ddram_touchCtrl.o
                0x20009d04                touchCtrl_init
 .text.touchCtrl_innerReadByte
                0x20009d7c      0x2c8 obj/ddram_touchCtrl.o
                0x20009d7c                touchCtrl_innerReadByte
 .text.touchCtrl_readBytes
                0x2000a044      0x33c obj/ddram_touchCtrl.o
                0x2000a044                touchCtrl_readBytes
 .text.touchCtrl_setInternalRdAddr
                0x2000a380      0x530 obj/ddram_touchCtrl.o
                0x2000a380                touchCtrl_setInternalRdAddr
 .text.touchCtrl_getTouch
                0x2000a8b0       0xd0 obj/ddram_touchCtrl.o
                0x2000a8b0                touchCtrl_getTouch
 .text.ISR_DMA  0x2000a980       0x18 obj/ddram_SPIStor_EPS.o
 .text.SPI_init
                0x2000a998      0x150 obj/ddram_SPIStor_EPS.o
                0x2000a998                SPI_init
 .text.SPIStor_Erase4KBlock
                0x2000aae8       0xec obj/ddram_SPIStor_EPS.o
                0x2000aae8                SPIStor_Erase4KBlock
 .text.SPIStor_verifiedWrite
                0x2000abd4      0x120 obj/ddram_SPIStor_EPS.o
                0x2000abd4                SPIStor_verifiedWrite
 .text.SPIStor_getTotlAcnts
                0x2000acf4       0x3c obj/ddram_SPIStor_EPS.o
                0x2000acf4                SPIStor_getTotlAcnts
 .text.SPIStor_dataReset
                0x2000ad30      0x16c obj/ddram_SPIStor_EPS.o
                0x2000ad30                SPIStor_dataReset
 .text.SPIStor_setTotlAcnts
                0x2000ae9c       0x3c obj/ddram_SPIStor_EPS.o
                0x2000ae9c                SPIStor_setTotlAcnts
 .text.SPIStor_writeAcnt
                0x2000aed8       0xc8 obj/ddram_SPIStor_EPS.o
                0x2000aed8                SPIStor_writeAcnt
 .text.SPIStor_readAcntName
                0x2000afa0       0xa0 obj/ddram_SPIStor_EPS.o
                0x2000afa0                SPIStor_readAcntName
 .text.KeyExpansion
                0x2000b040       0xe0 obj/ddram_aes.o
 .text.AddRoundKey
                0x2000b120       0x48 obj/ddram_aes.o
 .text.xtime    0x2000b168       0x18 obj/ddram_aes.o
 .text.Cipher   0x2000b180      0x210 obj/ddram_aes.o
 .text.InvCipher
                0x2000b390      0x328 obj/ddram_aes.o
 .text.AES_init_ctx_iv
                0x2000b6b8       0x28 obj/ddram_aes.o
                0x2000b6b8                AES_init_ctx_iv
 .text.AES_CBC_encrypt_buffer
                0x2000b6e0       0x78 obj/ddram_aes.o
                0x2000b6e0                AES_CBC_encrypt_buffer
 .text.AES_CBC_decrypt_buffer
                0x2000b758       0x88 obj/ddram_aes.o
                0x2000b758                AES_CBC_decrypt_buffer
 .text.be32dec  0x2000b7e0       0x24 obj/ddram_convEndian.o
                0x2000b7e0                be32dec
 .text.be32enc  0x2000b804       0x20 obj/ddram_convEndian.o
                0x2000b804                be32enc
 .text.le32dec  0x2000b824       0x24 obj/ddram_convEndian.o
                0x2000b824                le32dec
 .text.le32enc  0x2000b848       0x20 obj/ddram_convEndian.o
                0x2000b848                le32enc
 .text.le64dec  0x2000b868       0x90 obj/ddram_convEndian.o
                0x2000b868                le64dec
 .text.SHA256_Transform
                0x2000b8f8     0x1820 obj/ddram_PBKDF2_HMACSHA256.o
 .text.SHA256_Init
                0x2000d118       0x64 obj/ddram_PBKDF2_HMACSHA256.o
                0x2000d118                SHA256_Init
 .text.SHA256_Update
                0x2000d17c       0xc8 obj/ddram_PBKDF2_HMACSHA256.o
                0x2000d17c                SHA256_Update
 .text.SHA256_Final
                0x2000d244       0x94 obj/ddram_PBKDF2_HMACSHA256.o
                0x2000d244                SHA256_Final
 .text.HMAC_SHA256_Init
                0x2000d2d8      0x100 obj/ddram_PBKDF2_HMACSHA256.o
                0x2000d2d8                HMAC_SHA256_Init
 .text.HMAC_SHA256_Final
                0x2000d3d8       0x54 obj/ddram_PBKDF2_HMACSHA256.o
                0x2000d3d8                HMAC_SHA256_Final
 .text.PBKDF2_SHA256
                0x2000d42c      0x160 obj/ddram_PBKDF2_HMACSHA256.o
                0x2000d42c                PBKDF2_SHA256
 .text.blkcpy   0x2000d58c       0x1c obj/ddram_scrypt.o
 .text.blockmix_salsa8.constprop.2
                0x2000d5a8      0x36c obj/ddram_scrypt.o
 .text.crypto_scrypt
                0x2000d914      0x138 obj/ddram_scrypt.o
                0x2000d914                crypto_scrypt
 .text          0x2000da4c      0x114 c:/users/ryan/mentorgraphics/sourcery_codebench_lite_for_arm_eabi/bin/../lib/gcc/arm-none-eabi/4.8.3\libgcc.a(_udivsi3.o)
                0x2000da4c                __aeabi_uidiv
                0x2000da4c                __udivsi3
                0x2000db40                __aeabi_uidivmod
 .text          0x2000db60        0x4 c:/users/ryan/mentorgraphics/sourcery_codebench_lite_for_arm_eabi/bin/../lib/gcc/arm-none-eabi/4.8.3\libgcc.a(_dvmd_tls.o)
                0x2000db60                __aeabi_idiv0
                0x2000db60                __aeabi_ldiv0
 .text          0x2000db64       0x64 c:\users\ryan\mentorgraphics\sourcery_codebench_lite_for_arm_eabi\bin\../arm-none-eabi/lib\libc.a(lib_a-assert.o)
                0x2000db64                __assert_func
                0x2000dbb8                __assert
 .text          0x2000dbc8       0x30 c:\users\ryan\mentorgraphics\sourcery_codebench_lite_for_arm_eabi\bin\../arm-none-eabi/lib\libc.a(lib_a-atoi.o)
                0x2000dbc8                atoi
                0x2000dbe0                _atoi_r
 .text          0x2000dbf8       0x70 c:\users\ryan\mentorgraphics\sourcery_codebench_lite_for_arm_eabi\bin\../arm-none-eabi/lib\libc.a(lib_a-fiprintf.o)
                0x2000dbf8                _fiprintf_r
                0x2000dc28                fiprintf
 .text          0x2000dc68       0x74 c:\users\ryan\mentorgraphics\sourcery_codebench_lite_for_arm_eabi\bin\../arm-none-eabi/lib\libc.a(lib_a-iprintf.o)
                0x2000dc68                iprintf
                0x2000dca8                _iprintf_r
 .text          0x2000dcdc       0xb4 c:\users\ryan\mentorgraphics\sourcery_codebench_lite_for_arm_eabi\bin\../arm-none-eabi/lib\libc.a(lib_a-memcmp.o)
                0x2000dcdc                memcmp
 .text          0x2000dd90       0xf0 c:\users\ryan\mentorgraphics\sourcery_codebench_lite_for_arm_eabi\bin\../arm-none-eabi/lib\libc.a(lib_a-memcpy-stub.o)
                0x2000dd90                memcpy
 .text          0x2000de80       0xf4 c:\users\ryan\mentorgraphics\sourcery_codebench_lite_for_arm_eabi\bin\../arm-none-eabi/lib\libc.a(lib_a-memset.o)
                0x2000de80                memset
 .text          0x2000df74       0x70 c:\users\ryan\mentorgraphics\sourcery_codebench_lite_for_arm_eabi\bin\../arm-none-eabi/lib\libc.a(lib_a-rand.o)
                0x2000df74                srand
                0x2000df90                rand
 .text          0x2000dfe4       0xdc c:\users\ryan\mentorgraphics\sourcery_codebench_lite_for_arm_eabi\bin\../arm-none-eabi/lib\libc.a(lib_a-sprintf.o)
                0x2000dfe4                _sprintf_r
                0x2000e04c                sprintf
 .text          0x2000e0c0       0x9c c:\users\ryan\mentorgraphics\sourcery_codebench_lite_for_arm_eabi\bin\../arm-none-eabi/lib\libc.a(lib_a-strcat.o)
                0x2000e0c0                strcat
 .text          0x2000e15c       0xf0 c:\users\ryan\mentorgraphics\sourcery_codebench_lite_for_arm_eabi\bin\../arm-none-eabi/lib\libc.a(lib_a-strcpy.o)
                0x2000e15c                strcpy
 .text          0x2000e24c       0x60 c:\users\ryan\mentorgraphics\sourcery_codebench_lite_for_arm_eabi\bin\../arm-none-eabi/lib\libc.a(lib_a-strlen.o)
                0x2000e24c                strlen
 .text          0x2000e2ac      0x1f8 c:\users\ryan\mentorgraphics\sourcery_codebench_lite_for_arm_eabi\bin\../arm-none-eabi/lib\libc.a(lib_a-strtol.o)
                0x2000e2ac                _strtol_r
                0x2000e47c                strtol
 .text          0x2000e4a4     0x1f0c c:\users\ryan\mentorgraphics\sourcery_codebench_lite_for_arm_eabi\bin\../arm-none-eabi/lib\libc.a(lib_a-svfprintf.o)
                0x2000e4a4                _svfprintf_r
 .text          0x200103b0     0x1410 c:\users\ryan\mentorgraphics\sourcery_codebench_lite_for_arm_eabi\bin\../arm-none-eabi/lib\libc.a(lib_a-vfiprintf.o)
                0x2001045c                __sprint_r
                0x20010474                _vfiprintf_r
                0x200116c8                vfiprintf
 .text          0x200117c0      0x15c c:\users\ryan\mentorgraphics\sourcery_codebench_lite_for_arm_eabi\bin\../arm-none-eabi/lib\libc.a(lib_a-wsetup.o)
                0x200117c0                __swsetup_r
 .text          0x2001191c       0x14 c:\users\ryan\mentorgraphics\sourcery_codebench_lite_for_arm_eabi\bin\../arm-none-eabi/lib\libc.a(lib_a-abort.o)
                0x2001191c                abort
 .text          0x20011930     0x18d8 c:\users\ryan\mentorgraphics\sourcery_codebench_lite_for_arm_eabi\bin\../arm-none-eabi/lib\libc.a(lib_a-dtoa.o)
                0x20011b10                _dtoa_r
 .text          0x20013208      0x2d4 c:\users\ryan\mentorgraphics\sourcery_codebench_lite_for_arm_eabi\bin\../arm-none-eabi/lib\libc.a(lib_a-fflush.o)
                0x20013208                __sflush_r
                0x2001344c                _fflush_r
                0x200134a0                fflush
 .text          0x200134dc      0x354 c:\users\ryan\mentorgraphics\sourcery_codebench_lite_for_arm_eabi\bin\../arm-none-eabi/lib\libc.a(lib_a-findfp.o)
                0x200134ec                _cleanup_r
                0x20013504                __sfmoreglue
                0x20013554                _cleanup
                0x20013578                __sinit
                0x200136e0                __sfp
                0x200137d8                __sfp_lock_acquire
                0x200137dc                __sfp_lock_release
                0x200137e0                __sinit_lock_acquire
                0x200137e4                __sinit_lock_release
                0x200137e8                __fp_lock_all
                0x2001380c                __fp_unlock_all
 .text          0x20013830      0x188 c:\users\ryan\mentorgraphics\sourcery_codebench_lite_for_arm_eabi\bin\../arm-none-eabi/lib\libc.a(lib_a-fputwc.o)
                0x20013830                _fputwc_r
                0x20013974                fputwc
 .text          0x200139b8      0x36c c:\users\ryan\mentorgraphics\sourcery_codebench_lite_for_arm_eabi\bin\../arm-none-eabi/lib\libc.a(lib_a-freer.o)
                0x200139b8                _malloc_trim_r
                0x20013ab8                _free_r
 .text          0x20013d24      0x4d4 c:\users\ryan\mentorgraphics\sourcery_codebench_lite_for_arm_eabi\bin\../arm-none-eabi/lib\libc.a(lib_a-fvwrite.o)
                0x20013d24                __sfvwrite_r
 .text          0x200141f8      0x110 c:\users\ryan\mentorgraphics\sourcery_codebench_lite_for_arm_eabi\bin\../arm-none-eabi/lib\libc.a(lib_a-fwalk.o)
                0x200141f8                _fwalk
                0x2001427c                _fwalk_reent
 .text          0x20014308       0xd0 c:\users\ryan\mentorgraphics\sourcery_codebench_lite_for_arm_eabi\bin\../arm-none-eabi/lib\libc.a(lib_a-locale.o)
                0x20014308                _setlocale_r
                0x20014378                __locale_charset
                0x20014384                __locale_mb_cur_max
                0x20014394                __locale_msgcharset
                0x200143a0                __locale_cjk_lang
                0x200143a8                _localeconv_r
                0x200143b4                setlocale
                0x200143cc                localeconv
 .text          0x200143d8      0x174 c:\users\ryan\mentorgraphics\sourcery_codebench_lite_for_arm_eabi\bin\../arm-none-eabi/lib\libc.a(lib_a-makebuf.o)
                0x200143d8                __smakebuf_r
 .text          0x2001454c      0x72c c:\users\ryan\mentorgraphics\sourcery_codebench_lite_for_arm_eabi\bin\../arm-none-eabi/lib\libc.a(lib_a-mallocr.o)
                0x2001454c                _malloc_r
 .text          0x20014c78      0x114 c:\users\ryan\mentorgraphics\sourcery_codebench_lite_for_arm_eabi\bin\../arm-none-eabi/lib\libc.a(lib_a-memchr-stub.o)
                0x20014c78                memchr
 .text          0x20014d8c      0x134 c:\users\ryan\mentorgraphics\sourcery_codebench_lite_for_arm_eabi\bin\../arm-none-eabi/lib\libc.a(lib_a-memmove.o)
                0x20014d8c                memmove
 .text          0x20014ec0        0x8 c:\users\ryan\mentorgraphics\sourcery_codebench_lite_for_arm_eabi\bin\../arm-none-eabi/lib\libc.a(lib_a-mlock.o)
                0x20014ec0                __malloc_lock
                0x20014ec4                __malloc_unlock
 .text          0x20014ec8      0xd2c c:\users\ryan\mentorgraphics\sourcery_codebench_lite_for_arm_eabi\bin\../arm-none-eabi/lib\libc.a(lib_a-mprec.o)
                0x20014ec8                _Balloc
                0x20014f54                _Bfree
                0x20014f70                __multadd
                0x2001504c                __s2b
                0x20015134                __hi0bits
                0x20015190                __lo0bits
                0x20015224                __i2b
                0x20015248                __multiply
                0x20015430                __pow5mult
                0x20015534                __lshift
                0x20015640                __mcmp
                0x200156a0                __mdiff
                0x200157e4                __ulp
                0x20015848                __b2d
                0x2001591c                __d2b
                0x20015a28                __ratio
                0x20015ab0                _mprec_log10
                0x20015b08                __copybits
                0x20015b78                __any_on
 .text          0x20015bf4      0x56c c:\users\ryan\mentorgraphics\sourcery_codebench_lite_for_arm_eabi\bin\../arm-none-eabi/lib\libc.a(lib_a-reallocr.o)
                0x20015bf4                _realloc_r
 .text          0x20016160       0x6c c:\users\ryan\mentorgraphics\sourcery_codebench_lite_for_arm_eabi\bin\../arm-none-eabi/lib\libc.a(lib_a-s_fpclassify.o)
                0x20016160                __fpclassifyd
 .text          0x200161cc       0x44 c:\users\ryan\mentorgraphics\sourcery_codebench_lite_for_arm_eabi\bin\../arm-none-eabi/lib\libc.a(lib_a-sbrkr.o)
                0x200161cc                _sbrk_r
 .text          0x20016210      0x254 c:\users\ryan\mentorgraphics\sourcery_codebench_lite_for_arm_eabi\bin\../arm-none-eabi/lib\libc.a(lib_a-signal.o)
                0x20016210                _init_signal_r
                0x20016274                _signal_r
                0x200162e8                _raise_r
                0x20016380                __sigtramp_r
                0x20016414                raise
                0x20016428                signal
                0x20016440                _init_signal
                0x20016450                __sigtramp
 .text          0x20016464       0x50 c:\users\ryan\mentorgraphics\sourcery_codebench_lite_for_arm_eabi\bin\../arm-none-eabi/lib\libc.a(lib_a-signalr.o)
                0x20016464                _kill_r
                0x200164a4                _getpid_r
 .text          0x200164b4       0xd8 c:\users\ryan\mentorgraphics\sourcery_codebench_lite_for_arm_eabi\bin\../arm-none-eabi/lib\libc.a(lib_a-stdio.o)
                0x200164b4                __sread
                0x200164e8                __seofread
                0x200164f0                __swrite
                0x20016548                __sseek
                0x20016578                __sclose
 .text          0x2001658c      0x230 c:\users\ryan\mentorgraphics\sourcery_codebench_lite_for_arm_eabi\bin\../arm-none-eabi/lib\libc.a(lib_a-strcmp.o)
                0x2001658c                strcmp
 .text          0x200167bc     0x128c c:\users\ryan\mentorgraphics\sourcery_codebench_lite_for_arm_eabi\bin\../arm-none-eabi/lib\libc.a(lib_a-svfiprintf.o)
                0x200167bc                __ssprint_r
                0x20016968                _svfiprintf_r
 .text          0x20017a48      0x13c c:\users\ryan\mentorgraphics\sourcery_codebench_lite_for_arm_eabi\bin\../arm-none-eabi/lib\libc.a(lib_a-wbuf.o)
                0x20017a48                __swbuf_r
                0x20017b6c                __swbuf
 .text          0x20017b84      0x128 c:\users\ryan\mentorgraphics\sourcery_codebench_lite_for_arm_eabi\bin\../arm-none-eabi/lib\libc.a(lib_a-wcrtomb.o)
                0x20017b84                _wcrtomb_r
                0x20017c14                wcrtomb
 .text          0x20017cac       0x7c c:\users\ryan\mentorgraphics\sourcery_codebench_lite_for_arm_eabi\bin\../arm-none-eabi/lib\libc.a(lib_a-wctomb_r.o)
                0x20017cac                __ascii_wctomb
                0x20017cd8                _wctomb_r
 .text          0x20017d28       0x44 c:\users\ryan\mentorgraphics\sourcery_codebench_lite_for_arm_eabi\bin\../arm-none-eabi/lib\libc.a(lib_a-writer.o)
                0x20017d28                _write_r
 .text          0x20017d6c       0x9c c:\users\ryan\mentorgraphics\sourcery_codebench_lite_for_arm_eabi\bin\../arm-none-eabi/lib\libc.a(lib_a-callocr.o)
                0x20017d6c                _calloc_r
 .text          0x20017e08       0x3c c:\users\ryan\mentorgraphics\sourcery_codebench_lite_for_arm_eabi\bin\../arm-none-eabi/lib\libc.a(lib_a-closer.o)
                0x20017e08                _close_r
 .text          0x20017e44      0x104 c:\users\ryan\mentorgraphics\sourcery_codebench_lite_for_arm_eabi\bin\../arm-none-eabi/lib\libc.a(lib_a-fclose.o)
                0x20017e44                _fclose_r
                0x20017f34                fclose
 .text          0x20017f48       0x40 c:\users\ryan\mentorgraphics\sourcery_codebench_lite_for_arm_eabi\bin\../arm-none-eabi/lib\libc.a(lib_a-fstatr.o)
                0x20017f48                _fstat_r
 .text          0x20017f88       0x3c c:\users\ryan\mentorgraphics\sourcery_codebench_lite_for_arm_eabi\bin\../arm-none-eabi/lib\libc.a(lib_a-isattyr.o)
                0x20017f88                _isatty_r
 .text          0x20017fc4       0x44 c:\users\ryan\mentorgraphics\sourcery_codebench_lite_for_arm_eabi\bin\../arm-none-eabi/lib\libc.a(lib_a-lseekr.o)
                0x20017fc4                _lseek_r
 .text          0x20018008       0x44 c:\users\ryan\mentorgraphics\sourcery_codebench_lite_for_arm_eabi\bin\../arm-none-eabi/lib\libc.a(lib_a-readr.o)
                0x20018008                _read_r
 .text.ADC_StartConversion
                0x2001804c        0xc ../../../../libraries/libchip_sam9xx5/lib\libchip_sam9g15_gcc_rel.a(adc.o)
                0x2001804c                ADC_StartConversion
 .text.ADC_SetLowResolution
                0x20018058       0x18 ../../../../libraries/libchip_sam9xx5/lib\libchip_sam9g15_gcc_rel.a(adc.o)
                0x20018058                ADC_SetLowResolution
 .text.ADC_SetSleepMode
                0x20018070       0x18 ../../../../libraries/libchip_sam9xx5/lib\libchip_sam9g15_gcc_rel.a(adc.o)
                0x20018070                ADC_SetSleepMode
 .text.ADC_SetFastWakeup
                0x20018088       0x18 ../../../../libraries/libchip_sam9xx5/lib\libchip_sam9g15_gcc_rel.a(adc.o)
                0x20018088                ADC_SetFastWakeup
 .text.ADC_SetClock
                0x200180a0       0xb4 ../../../../libraries/libchip_sam9xx5/lib\libchip_sam9g15_gcc_rel.a(adc.o)
                0x200180a0                ADC_SetClock
 .text.ADC_SetStartupTime
                0x20018154      0x150 ../../../../libraries/libchip_sam9xx5/lib\libchip_sam9g15_gcc_rel.a(adc.o)
                0x20018154                ADC_SetStartupTime
 .text.ADC_SetTrackingTime
                0x200182a4       0xac ../../../../libraries/libchip_sam9xx5/lib\libchip_sam9g15_gcc_rel.a(adc.o)
                0x200182a4                ADC_SetTrackingTime
 .text.ADC_SetSequenceMode
                0x20018350       0x18 ../../../../libraries/libchip_sam9xx5/lib\libchip_sam9g15_gcc_rel.a(adc.o)
                0x20018350                ADC_SetSequenceMode
 .text.ADC_EnableChannel
                0x20018368       0x10 ../../../../libraries/libchip_sam9xx5/lib\libchip_sam9g15_gcc_rel.a(adc.o)
                0x20018368                ADC_EnableChannel
 .text.ADC_GetLastData
                0x20018378        0x8 ../../../../libraries/libchip_sam9xx5/lib\libchip_sam9g15_gcc_rel.a(adc.o)
                0x20018378                ADC_GetLastData
 .text.ADC_EnableIt
                0x20018380        0x8 ../../../../libraries/libchip_sam9xx5/lib\libchip_sam9g15_gcc_rel.a(adc.o)
                0x20018380                ADC_EnableIt
 .text.ADC_GetItStatus
                0x20018388        0x8 ../../../../libraries/libchip_sam9xx5/lib\libchip_sam9g15_gcc_rel.a(adc.o)
                0x20018388                ADC_GetItStatus
 .text.ADC_SetTagEnable
                0x20018390       0x18 ../../../../libraries/libchip_sam9xx5/lib\libchip_sam9g15_gcc_rel.a(adc.o)
                0x20018390                ADC_SetTagEnable
 .text.ADC_SetTriggerMode
                0x200183a8       0x14 ../../../../libraries/libchip_sam9xx5/lib\libchip_sam9g15_gcc_rel.a(adc.o)
                0x200183a8                ADC_SetTriggerMode
 .text.ADC_SetTriggerPeriod
                0x200183bc       0xdc ../../../../libraries/libchip_sam9xx5/lib\libchip_sam9g15_gcc_rel.a(adc.o)
                0x200183bc                ADC_SetTriggerPeriod
 .text.IRQ_ConfigureIT
                0x20018498       0x28 ../../../../libraries/libchip_sam9xx5/lib\libchip_sam9g15_gcc_rel.a(aic.o)
                0x20018498                IRQ_ConfigureIT
 .text.IRQ_EnableIT
                0x200184c0       0x14 ../../../../libraries/libchip_sam9xx5/lib\libchip_sam9g15_gcc_rel.a(aic.o)
                0x200184c0                IRQ_EnableIT
 .text.PIO_Configure
                0x200184d4      0x200 ../../../../libraries/libchip_sam9xx5/lib\libchip_sam9g15_gcc_rel.a(pio.o)
                0x200184d4                PIO_Configure
 .text.PIO_Set  0x200186d4        0xc ../../../../libraries/libchip_sam9xx5/lib\libchip_sam9g15_gcc_rel.a(pio.o)
                0x200186d4                PIO_Set
 .text.PIO_Clear
                0x200186e0        0xc ../../../../libraries/libchip_sam9xx5/lib\libchip_sam9g15_gcc_rel.a(pio.o)
                0x200186e0                PIO_Clear
 .text.PIO_Get  0x200186ec       0x2c ../../../../libraries/libchip_sam9xx5/lib\libchip_sam9g15_gcc_rel.a(pio.o)
                0x200186ec                PIO_Get
 .text.PMC_EnablePeripheral
                0x20018718       0x5c ../../../../libraries/libchip_sam9xx5/lib\libchip_sam9g15_gcc_rel.a(pmc.o)
                0x20018718                PMC_EnablePeripheral
 .text.PMC_DisablePeripheral
                0x20018774       0x5c ../../../../libraries/libchip_sam9xx5/lib\libchip_sam9g15_gcc_rel.a(pmc.o)
                0x20018774                PMC_DisablePeripheral
 .text.PMC_IsPeriphEnabled
                0x200187d0       0x50 ../../../../libraries/libchip_sam9xx5/lib\libchip_sam9g15_gcc_rel.a(pmc.o)
                0x200187d0                PMC_IsPeriphEnabled
 .text.TWI_ConfigureMaster
                0x20018820       0xd0 ../../../../libraries/libchip_sam9xx5/lib\libchip_sam9g15_gcc_rel.a(twi.o)
                0x20018820                TWI_ConfigureMaster
 .text.TWI_Stop
                0x200188f0       0x48 ../../../../libraries/libchip_sam9xx5/lib\libchip_sam9g15_gcc_rel.a(twi.o)
                0x200188f0                TWI_Stop
 .text.TWI_ReadByte
                0x20018938       0x48 ../../../../libraries/libchip_sam9xx5/lib\libchip_sam9g15_gcc_rel.a(twi.o)
                0x20018938                TWI_ReadByte
 .text.TWI_WriteByte
                0x20018980       0x44 ../../../../libraries/libchip_sam9xx5/lib\libchip_sam9g15_gcc_rel.a(twi.o)
                0x20018980                TWI_WriteByte
 .text.TWI_StartWrite
                0x200189c4       0xcc ../../../../libraries/libchip_sam9xx5/lib\libchip_sam9g15_gcc_rel.a(twi.o)
                0x200189c4                TWI_StartWrite
 .text.TWI_ByteSent
                0x20018a90       0x10 ../../../../libraries/libchip_sam9xx5/lib\libchip_sam9g15_gcc_rel.a(twi.o)
                0x20018a90                TWI_ByteSent
 .text.TWI_TransferComplete
                0x20018aa0        0xc ../../../../libraries/libchip_sam9xx5/lib\libchip_sam9g15_gcc_rel.a(twi.o)
                0x20018aa0                TWI_TransferComplete
 .text.TWI_EnableIt
                0x20018aac       0x70 ../../../../libraries/libchip_sam9xx5/lib\libchip_sam9g15_gcc_rel.a(twi.o)
                0x20018aac                TWI_EnableIt
 .text.TWI_DisableIt
                0x20018b1c       0x70 ../../../../libraries/libchip_sam9xx5/lib\libchip_sam9g15_gcc_rel.a(twi.o)
                0x20018b1c                TWI_DisableIt
 .text.TWI_GetMaskedStatus
                0x20018b8c       0x50 ../../../../libraries/libchip_sam9xx5/lib\libchip_sam9g15_gcc_rel.a(twi.o)
                0x20018b8c                TWI_GetMaskedStatus
 .text.TWI_SendSTOPCondition
                0x20018bdc       0x4c ../../../../libraries/libchip_sam9xx5/lib\libchip_sam9g15_gcc_rel.a(twi.o)
                0x20018bdc                TWI_SendSTOPCondition
 .text.TWID_Initialize
                0x20018c28       0x68 ../../../../libraries/libchip_sam9xx5/lib\libchip_sam9g15_gcc_rel.a(twid.o)
                0x20018c28                TWID_Initialize
 .text.TWID_Handler
                0x20018c90      0x1e4 ../../../../libraries/libchip_sam9xx5/lib\libchip_sam9g15_gcc_rel.a(twid.o)
                0x20018c90                TWID_Handler
 .text.TWID_Write
                0x20018e74      0x1c8 ../../../../libraries/libchip_sam9xx5/lib\libchip_sam9g15_gcc_rel.a(twid.o)
                0x20018e74                TWID_Write
 .text.WDT_Disable
                0x2001903c        0xc ../../../../libraries/libchip_sam9xx5/lib\libchip_sam9g15_gcc_rel.a(wdt.o)
                0x2001903c                WDT_Disable
 .text.DMAD_Initialize
                0x20019048       0xd4 ../../../../libraries/libboard_sam9xx5-ek/lib\libboard_sam9g15_ek_gcc_rel.a(dmad.o)
                0x20019048                DMAD_Initialize
 .text.DMAD_Handler
                0x2001911c      0x188 ../../../../libraries/libboard_sam9xx5-ek/lib\libboard_sam9g15_ek_gcc_rel.a(dmad.o)
                0x2001911c                DMAD_Handler
 .text.DMAD_AllocateChannel
                0x200192a4      0x174 ../../../../libraries/libboard_sam9xx5-ek/lib\libboard_sam9g15_ek_gcc_rel.a(dmad.o)
                0x200192a4                DMAD_AllocateChannel
 .text.DMAD_FreeChannel
                0x20019418       0x80 ../../../../libraries/libboard_sam9xx5-ek/lib\libboard_sam9g15_ek_gcc_rel.a(dmad.o)
                0x20019418                DMAD_FreeChannel
 .text.DMAD_SetCallback
                0x20019498       0x80 ../../../../libraries/libboard_sam9xx5-ek/lib\libboard_sam9g15_ek_gcc_rel.a(dmad.o)
                0x20019498                DMAD_SetCallback
 .text.DMAD_PrepareChannel
                0x20019518      0x144 ../../../../libraries/libboard_sam9xx5-ek/lib\libboard_sam9g15_ek_gcc_rel.a(dmad.o)
                0x20019518                DMAD_PrepareChannel
 .text.DMAD_StartTransfer
                0x2001965c       0xc8 ../../../../libraries/libboard_sam9xx5-ek/lib\libboard_sam9g15_ek_gcc_rel.a(dmad.o)
                0x2001965c                DMAD_StartTransfer
 .text.DMAD_PrepareMultiTransfer
                0x20019724       0xb8 ../../../../libraries/libboard_sam9xx5-ek/lib\libboard_sam9g15_ek_gcc_rel.a(dmad.o)
                0x20019724                DMAD_PrepareMultiTransfer
 .text._DrawPixel
                0x200197dc       0xdc ../../../../libraries/libboard_sam9xx5-ek/lib\libboard_sam9g15_ek_gcc_rel.a(lcd_draw.o)
 .text._FillRect
                0x200198b8       0xb4 ../../../../libraries/libboard_sam9xx5-ek/lib\libboard_sam9g15_ek_gcc_rel.a(lcd_draw.o)
 .text.LCDD_Fill
                0x2001996c       0x50 ../../../../libraries/libboard_sam9xx5-ek/lib\libboard_sam9g15_ek_gcc_rel.a(lcd_draw.o)
                0x2001996c                LCDD_Fill
 .text.LCDD_DrawPixel
                0x200199bc       0x28 ../../../../libraries/libboard_sam9xx5-ek/lib\libboard_sam9g15_ek_gcc_rel.a(lcd_draw.o)
                0x200199bc                LCDD_DrawPixel
 .text.LCDD_DrawRectangle
                0x200199e4       0x94 ../../../../libraries/libboard_sam9xx5-ek/lib\libboard_sam9g15_ek_gcc_rel.a(lcd_draw.o)
                0x200199e4                LCDD_DrawRectangle
 .text.LCDD_DrawFilledRectangle
                0x20019a78       0x2c ../../../../libraries/libboard_sam9xx5-ek/lib\libboard_sam9g15_ek_gcc_rel.a(lcd_draw.o)
                0x20019a78                LCDD_DrawFilledRectangle
 .text.LCDD_DrawString
                0x20019aa4       0x78 ../../../../libraries/libboard_sam9xx5-ek/lib\libboard_sam9g15_ek_gcc_rel.a(lcd_draw.o)
                0x20019aa4                LCDD_DrawString
 .text.LCDD_DrawChar
                0x20019b1c      0x104 ../../../../libraries/libboard_sam9xx5-ek/lib\libboard_sam9g15_ek_gcc_rel.a(lcd_font.o)
                0x20019b1c                LCDD_DrawChar
 .text.pEnableReg
                0x20019c20       0x6c ../../../../libraries/libboard_sam9xx5-ek/lib\libboard_sam9g15_ek_gcc_rel.a(lcdd.o)
 .text.pBlenderReg
                0x20019c8c       0x60 ../../../../libraries/libboard_sam9xx5-ek/lib\libboard_sam9g15_ek_gcc_rel.a(lcdd.o)
 .text.pCfgReg  0x20019cec       0x60 ../../../../libraries/libboard_sam9xx5-ek/lib\libboard_sam9g15_ek_gcc_rel.a(lcdd.o)
 .text.pWinReg  0x20019d4c       0x40 ../../../../libraries/libboard_sam9xx5-ek/lib\libboard_sam9g15_ek_gcc_rel.a(lcdd.o)
 .text.LCDD_ShowBMPRotated
                0x20019d8c      0x7ac ../../../../libraries/libboard_sam9xx5-ek/lib\libboard_sam9g15_ek_gcc_rel.a(lcdd.o)
                0x20019d8c                LCDD_ShowBMPRotated
 .text.LCDD_On  0x2001a538       0xd8 ../../../../libraries/libboard_sam9xx5-ek/lib\libboard_sam9g15_ek_gcc_rel.a(lcdd.o)
                0x2001a538                LCDD_On
 .text.LCDD_Initialize
                0x2001a610       0xe4 ../../../../libraries/libboard_sam9xx5-ek/lib\libboard_sam9g15_ek_gcc_rel.a(lcdd.o)
                0x2001a610                LCDD_Initialize
 .text.LCDD_SetBacklight
                0x2001a6f4       0x20 ../../../../libraries/libboard_sam9xx5-ek/lib\libboard_sam9g15_ek_gcc_rel.a(lcdd.o)
                0x2001a6f4                LCDD_SetBacklight
 .text.LCDD_GetCanvas
                0x2001a714        0xc ../../../../libraries/libboard_sam9xx5-ek/lib\libboard_sam9g15_ek_gcc_rel.a(lcdd.o)
                0x2001a714                LCDD_GetCanvas
 .text.LCDD_CreateCanvas
                0x2001a720      0x16c ../../../../libraries/libboard_sam9xx5-ek/lib\libboard_sam9g15_ek_gcc_rel.a(lcdd.o)
                0x2001a720                LCDD_CreateCanvas
 .text._sbrk    0x2001a88c       0x30 ../../../../libraries/libboard_sam9xx5-ek/lib\libboard_sam9g15_ek_gcc_rel.a(syscalls.o)
                0x2001a88c                _sbrk
 .text._close   0x2001a8bc        0x8 ../../../../libraries/libboard_sam9xx5-ek/lib\libboard_sam9g15_ek_gcc_rel.a(syscalls.o)
                0x2001a8bc                _close
 .text._fstat   0x2001a8c4       0x10 ../../../../libraries/libboard_sam9xx5-ek/lib\libboard_sam9g15_ek_gcc_rel.a(syscalls.o)
                0x2001a8c4                _fstat
 .text._isatty  0x2001a8d4        0x8 ../../../../libraries/libboard_sam9xx5-ek/lib\libboard_sam9g15_ek_gcc_rel.a(syscalls.o)
                0x2001a8d4                _isatty
 .text._lseek   0x2001a8dc        0x8 ../../../../libraries/libboard_sam9xx5-ek/lib\libboard_sam9g15_ek_gcc_rel.a(syscalls.o)
                0x2001a8dc                _lseek
 .text._read    0x2001a8e4        0x8 ../../../../libraries/libboard_sam9xx5-ek/lib\libboard_sam9g15_ek_gcc_rel.a(syscalls.o)
                0x2001a8e4                _read
 .text._write   0x2001a8ec       0x40 ../../../../libraries/libboard_sam9xx5-ek/lib\libboard_sam9g15_ek_gcc_rel.a(syscalls.o)
                0x2001a8ec                _write
 .text._exit    0x2001a92c       0x24 ../../../../libraries/libboard_sam9xx5-ek/lib\libboard_sam9g15_ek_gcc_rel.a(syscalls.o)
                0x2001a92c                _exit
 .text._kill    0x2001a950        0x4 ../../../../libraries/libboard_sam9xx5-ek/lib\libboard_sam9g15_ek_gcc_rel.a(syscalls.o)
                0x2001a950                _kill
 .text._getpid  0x2001a954        0x8 ../../../../libraries/libboard_sam9xx5-ek/lib\libboard_sam9g15_ek_gcc_rel.a(syscalls.o)
                0x2001a954                _getpid
 .text.defaultSpuriousHandler
                0x2001a95c        0x4 ../../../../libraries/libboard_sam9xx5-ek/lib\libboard_sam9g15_ek_gcc_rel.a(board_lowlevel.o)
                0x2001a95c                defaultSpuriousHandler
 .text.defaultFiqHandler
                0x2001a960        0x4 ../../../../libraries/libboard_sam9xx5-ek/lib\libboard_sam9g15_ek_gcc_rel.a(board_lowlevel.o)
                0x2001a960                defaultFiqHandler
 .text.defaultIrqHandler
                0x2001a964        0x4 ../../../../libraries/libboard_sam9xx5-ek/lib\libboard_sam9g15_ek_gcc_rel.a(board_lowlevel.o)
                0x2001a964                defaultIrqHandler
 .text.LowLevelInit
                0x2001a968      0x220 ../../../../libraries/libboard_sam9xx5-ek/lib\libboard_sam9g15_ek_gcc_rel.a(board_lowlevel.o)
                0x2001a968                LowLevelInit
 .text.BOARD_RemapRam
                0x2001ab88       0x10 ../../../../libraries/libboard_sam9xx5-ek/lib\libboard_sam9g15_ek_gcc_rel.a(board_memories.o)
                0x2001ab88                BOARD_RemapRam
 .text.DBGU_Configure
                0x2001ab98       0xe0 ../../../../libraries/libboard_sam9xx5-ek/lib\libboard_sam9g15_ek_gcc_rel.a(dbgu_console.o)
                0x2001ab98                DBGU_Configure
 .text.DBGU_PutChar
                0x2001ac78       0x60 ../../../../libraries/libboard_sam9xx5-ek/lib\libboard_sam9g15_ek_gcc_rel.a(dbgu_console.o)
                0x2001ac78                DBGU_PutChar
 .text.DMAIF_Get_ChannelNumber
                0x2001acd8       0x64 ../../../../libraries/libboard_sam9xx5-ek/lib\libboard_sam9g15_ek_gcc_rel.a(dma_hardware_interface.o)
                0x2001acd8                DMAIF_Get_ChannelNumber
 .text.DMAIF_IsValidatedPeripherOnDma
                0x2001ad3c       0x4c ../../../../libraries/libboard_sam9xx5-ek/lib\libboard_sam9g15_ek_gcc_rel.a(dma_hardware_interface.o)
                0x2001ad3c                DMAIF_IsValidatedPeripherOnDma
 .text.AT25_Configure
                0x2001ad88       0xc8 ../../../../libraries/libspiflash/lib\libspiflash_gcc_rel.a(at25_spi.o)
                0x2001ad88                AT25_Configure
 .text.AT25_IsBusy
                0x2001ae50       0x5c ../../../../libraries/libspiflash/lib\libspiflash_gcc_rel.a(at25_spi.o)
                0x2001ae50                AT25_IsBusy
 .text.AT25_SendCommand
                0x2001aeac       0xc8 ../../../../libraries/libspiflash/lib\libspiflash_gcc_rel.a(at25_spi.o)
                0x2001aeac                AT25_SendCommand
 .text.AT25_FindDevice
                0x2001af74       0x8c ../../../../libraries/libspiflash/lib\libspiflash_gcc_rel.a(at25_spi.o)
                0x2001af74                AT25_FindDevice
 .text.AT25D_Wait
                0x2001b000       0x2c ../../../../libraries/libspiflash/lib\libspiflash_gcc_rel.a(at25d.o)
 .text.AT25D_ReadStatus
                0x2001b02c       0xac ../../../../libraries/libspiflash/lib\libspiflash_gcc_rel.a(at25d.o)
 .text.AT25D_WriteStatus.clone.0
                0x2001b0d8       0xac ../../../../libraries/libspiflash/lib\libspiflash_gcc_rel.a(at25d.o)
 .text.AT25D_WaitReady
                0x2001b184       0x5c ../../../../libraries/libspiflash/lib\libspiflash_gcc_rel.a(at25d.o)
                0x2001b184                AT25D_WaitReady
 .text.AT25D_ReadJedecId
                0x2001b1e0       0xb0 ../../../../libraries/libspiflash/lib\libspiflash_gcc_rel.a(at25d.o)
                0x2001b1e0                AT25D_ReadJedecId
 .text.AT25D_EnableWrite
                0x2001b290       0x9c ../../../../libraries/libspiflash/lib\libspiflash_gcc_rel.a(at25d.o)
                0x2001b290                AT25D_EnableWrite
 .text.AT25D_DisableWrite
                0x2001b32c       0x9c ../../../../libraries/libspiflash/lib\libspiflash_gcc_rel.a(at25d.o)
                0x2001b32c                AT25D_DisableWrite
 .text.AT25D_Unprotect
                0x2001b3c8       0xc4 ../../../../libraries/libspiflash/lib\libspiflash_gcc_rel.a(at25d.o)
                0x2001b3c8                AT25D_Unprotect
 .text.AT25D_Write
                0x2001b48c      0x284 ../../../../libraries/libspiflash/lib\libspiflash_gcc_rel.a(at25d.o)
                0x2001b48c                AT25D_Write
 .text.AT25D_Read
                0x2001b710       0x9c ../../../../libraries/libspiflash/lib\libspiflash_gcc_rel.a(at25d.o)
                0x2001b710                AT25D_Read
 .text.SPID_Rx_Cb
                0x2001b7ac       0xb8 ../../../../libraries/libspiflash/lib\libspiflash_gcc_rel.a(spid_dma.o)
 .text.SPID_Configure
                0x2001b864       0x64 ../../../../libraries/libspiflash/lib\libspiflash_gcc_rel.a(spid_dma.o)
                0x2001b864                SPID_Configure
 .text.SPID_ConfigureCS
                0x2001b8c8       0x60 ../../../../libraries/libspiflash/lib\libspiflash_gcc_rel.a(spid_dma.o)
                0x2001b8c8                SPID_ConfigureCS
 .text.SPID_SendCommand
                0x2001b928      0x328 ../../../../libraries/libspiflash/lib\libspiflash_gcc_rel.a(spid_dma.o)
                0x2001b928                SPID_SendCommand
 .text.SPID_Handler
                0x2001bc50        0x4 ../../../../libraries/libspiflash/lib\libspiflash_gcc_rel.a(spid_dma.o)
                0x2001bc50                SPID_Handler
 .text.SPID_DmaHandler
                0x2001bc54       0x20 ../../../../libraries/libspiflash/lib\libspiflash_gcc_rel.a(spid_dma.o)
                0x2001bc54                SPID_DmaHandler
 .text.SPID_IsBusy
                0x2001bc74       0x10 ../../../../libraries/libspiflash/lib\libspiflash_gcc_rel.a(spid_dma.o)
                0x2001bc74                SPID_IsBusy
 .text          0x2001bc84      0x41c c:/users/ryan/mentorgraphics/sourcery_codebench_lite_for_arm_eabi/bin/../lib/gcc/arm-none-eabi/4.8.3\libgcc.a(_arm_addsubdf3.o)
                0x2001bc84                __aeabi_drsub
                0x2001bc8c                __aeabi_dsub
                0x2001bc8c                __subdf3
                0x2001bc90                __aeabi_dadd
                0x2001bc90                __adddf3
                0x2001bfa0                __floatunsidf
                0x2001bfa0                __aeabi_ui2d
                0x2001bfc4                __floatsidf
                0x2001bfc4                __aeabi_i2d
                0x2001bfec                __aeabi_f2d
                0x2001bfec                __extendsfdf2
                0x2001c02c                __floatundidf
                0x2001c02c                __aeabi_ul2d
                0x2001c040                __floatdidf
                0x2001c040                __aeabi_l2d
 .text          0x2001c0a0      0x49c c:/users/ryan/mentorgraphics/sourcery_codebench_lite_for_arm_eabi/bin/../lib/gcc/arm-none-eabi/4.8.3\libgcc.a(_arm_muldivdf3.o)
                0x2001c0a0                __aeabi_dmul
                0x2001c0a0                __muldf3
                0x2001c330                __divdf3
                0x2001c330                __aeabi_ddiv
 .text          0x2001c53c      0x144 c:/users/ryan/mentorgraphics/sourcery_codebench_lite_for_arm_eabi/bin/../lib/gcc/arm-none-eabi/4.8.3\libgcc.a(_arm_cmpdf2.o)
                0x2001c53c                __gtdf2
                0x2001c53c                __gedf2
                0x2001c544                __ltdf2
                0x2001c544                __ledf2
                0x2001c54c                __nedf2
                0x2001c54c                __eqdf2
                0x2001c54c                __cmpdf2
                0x2001c5d4                __aeabi_cdrcmple
                0x2001c5f0                __aeabi_cdcmpeq
                0x2001c5f0                __aeabi_cdcmple
                0x2001c608                __aeabi_dcmpeq
                0x2001c620                __aeabi_dcmplt
                0x2001c638                __aeabi_dcmple
                0x2001c650                __aeabi_dcmpge
                0x2001c668                __aeabi_dcmpgt
 .text          0x2001c680       0x5c c:/users/ryan/mentorgraphics/sourcery_codebench_lite_for_arm_eabi/bin/../lib/gcc/arm-none-eabi/4.8.3\libgcc.a(_arm_fixdfsi.o)
                0x2001c680                __aeabi_d2iz
                0x2001c680                __fixdfsi
 .text          0x2001c6dc       0x3c c:/users/ryan/mentorgraphics/sourcery_codebench_lite_for_arm_eabi/bin/../lib/gcc/arm-none-eabi/4.8.3\libgcc.a(_aeabi_uldivmod.o)
                0x2001c6dc                __aeabi_uldivmod
 .text          0x2001c718       0x84 c:/users/ryan/mentorgraphics/sourcery_codebench_lite_for_arm_eabi/bin/../lib/gcc/arm-none-eabi/4.8.3\libgcc.a(bpabi.o)
                0x2001c718                __gnu_ldivmod_helper
                0x2001c75c                __gnu_uldivmod_helper
 .text          0x2001c79c      0x4d0 c:/users/ryan/mentorgraphics/sourcery_codebench_lite_for_arm_eabi/bin/../lib/gcc/arm-none-eabi/4.8.3\libgcc.a(_divdi3.o)
                0x2001c79c                __divdi3
 .text          0x2001cc6c      0x470 c:/users/ryan/mentorgraphics/sourcery_codebench_lite_for_arm_eabi/bin/../lib/gcc/arm-none-eabi/4.8.3\libgcc.a(_udivdi3.o)
                0x2001cc6c                __udivdi3
 .text          0x2001d0dc       0x48 c:/users/ryan/mentorgraphics/sourcery_codebench_lite_for_arm_eabi/bin/../lib/gcc/arm-none-eabi/4.8.3\libgcc.a(_clzsi2.o)
                0x2001d0dc                __clzsi2
 .text          0x2001d124       0x88 c:\users\ryan\mentorgraphics\sourcery_codebench_lite_for_arm_eabi\bin\../arm-none-eabi/lib\libc.a(lib_a-init.o)
                0x2001d124                __libc_init_array
 .text          0x2001d1ac      0x174 c:\users\ryan\mentorgraphics\sourcery_codebench_lite_for_arm_eabi\bin\../arm-none-eabi/lib\libc.a(lib_a-setvbuf.o)
                0x2001d1ac                setvbuf
 .text          0x2001d320       0x40 c:\users\ryan\mentorgraphics\sourcery_codebench_lite_for_arm_eabi\bin\../arm-none-eabi/lib\libc.a(lib_a-malloc.o)
                0x2001d320                malloc
                0x2001d340                free
 .text.DMAC_Enable
                0x2001d360       0x48 ../../../../libraries/libchip_sam9xx5/lib\libchip_sam9g15_gcc_rel.a(dmac.o)
                0x2001d360                DMAC_Enable
 .text.DMAC_EnableIt
                0x2001d3a8       0x44 ../../../../libraries/libchip_sam9xx5/lib\libchip_sam9g15_gcc_rel.a(dmac.o)
                0x2001d3a8                DMAC_EnableIt
 .text.DMAC_DisableIt
                0x2001d3ec       0x44 ../../../../libraries/libchip_sam9xx5/lib\libchip_sam9g15_gcc_rel.a(dmac.o)
                0x2001d3ec                DMAC_DisableIt
 .text.DMAC_GetStatus
                0x2001d430       0x44 ../../../../libraries/libchip_sam9xx5/lib\libchip_sam9g15_gcc_rel.a(dmac.o)
                0x2001d430                DMAC_GetStatus
 .text.DMAC_EnableChannel
                0x2001d474       0x6c ../../../../libraries/libchip_sam9xx5/lib\libchip_sam9g15_gcc_rel.a(dmac.o)
                0x2001d474                DMAC_EnableChannel
 .text.DMAC_DisableChannel
                0x2001d4e0       0x6c ../../../../libraries/libchip_sam9xx5/lib\libchip_sam9g15_gcc_rel.a(dmac.o)
                0x2001d4e0                DMAC_DisableChannel
 .text.DMAC_GetChannelStatus
                0x2001d54c       0x44 ../../../../libraries/libchip_sam9xx5/lib\libchip_sam9g15_gcc_rel.a(dmac.o)
                0x2001d54c                DMAC_GetChannelStatus
 .text.DMAC_SetDescriptorAddr
                0x2001d590       0x94 ../../../../libraries/libchip_sam9xx5/lib\libchip_sam9g15_gcc_rel.a(dmac.o)
                0x2001d590                DMAC_SetDescriptorAddr
 .text.DMAC_SetControlB
                0x2001d624       0x6c ../../../../libraries/libchip_sam9xx5/lib\libchip_sam9g15_gcc_rel.a(dmac.o)
                0x2001d624                DMAC_SetControlB
 .text.DMAC_SetCFG
                0x2001d690       0x70 ../../../../libraries/libchip_sam9xx5/lib\libchip_sam9g15_gcc_rel.a(dmac.o)
                0x2001d690                DMAC_SetCFG
 .text.SPI_Enable
                0x2001d700        0xc ../../../../libraries/libchip_sam9xx5/lib\libchip_sam9g15_gcc_rel.a(spi.o)
                0x2001d700                SPI_Enable
 .text.SPI_Disable
                0x2001d70c        0xc ../../../../libraries/libchip_sam9xx5/lib\libchip_sam9g15_gcc_rel.a(spi.o)
                0x2001d70c                SPI_Disable
 .text.SPI_Configure
                0x2001d718       0x40 ../../../../libraries/libchip_sam9xx5/lib\libchip_sam9g15_gcc_rel.a(spi.o)
                0x2001d718                SPI_Configure
 .text.SPI_ChipSelect
                0x2001d758       0x24 ../../../../libraries/libchip_sam9xx5/lib\libchip_sam9g15_gcc_rel.a(spi.o)
                0x2001d758                SPI_ChipSelect
 .text.SPI_ReleaseCS
                0x2001d77c        0xc ../../../../libraries/libchip_sam9xx5/lib\libchip_sam9g15_gcc_rel.a(spi.o)
                0x2001d77c                SPI_ReleaseCS
 .text.SPI_ConfigureNPCS
                0x2001d788        0xc ../../../../libraries/libchip_sam9xx5/lib\libchip_sam9g15_gcc_rel.a(spi.o)
                0x2001d788                SPI_ConfigureNPCS
 .text.min      0x2001d794        0xc ../../../../libraries/libboard_sam9xx5-ek/lib\libboard_sam9g15_ek_gcc_rel.a(math.o)
                0x2001d794                min
 *(.text .gnu.linkonce.t.*)
 *(.glue_7t)
 .glue_7t       0x00000000        0x0 linker stubs
 *(.glue_7)
 .glue_7        0x00000000        0x0 linker stubs
 *(.CP15_*)
 *(.rodata .rodata* .gnu.linkonce.r.*)
 .rodata        0x2001d7a0       0x18 obj/ddram_main.o
 .rodata.str1.1
                0x2001d7b8       0x67 obj/ddram_main.o
 *fill*         0x2001d81f        0x1 
 .rodata        0x2001d820       0x6c obj/ddram_EPSGlobal.o
                0x2001d820                shutdown_pin
 .rodata.str1.1
                0x2001d88c      0x456 obj/ddram_EPSGlobal.o
                                0x46a (size before relaxing)
 *fill*         0x2001dce2        0x2 
 .rodata        0x2001dce4      0x280 obj/ddram_textEntry.o
                0x2001dce4                keyOrd_normalRef
                0x2001dd14                keyOrd_randomRef2
                0x2001dd44                keyOrd_randomRef1
                0x2001dd74                keyChars
                0x2001ddd4                keyPosits
 .rodata.str1.1
                0x2001df64      0x105 obj/ddram_textEntry.o
                                0x10a (size before relaxing)
 *fill*         0x2001e069        0x3 
 .rodata        0x2001e06c     0x99ec obj/ddram_touchCtrl.o
 .rodata.str1.1
                0x20027a58       0x45 obj/ddram_touchCtrl.o
 .rodata        0x20027a9d       0x1e obj/ddram_SPIStor_EPS.o
 .rodata.str1.1
                0x20027abb      0x1b4 obj/ddram_SPIStor_EPS.o
                                0x1c5 (size before relaxing)
 .rodata        0x20027c6f      0x20b obj/ddram_aes.o
 *fill*         0x20027e7a        0x2 
 .rodata.str1.4
                0x20027e7c       0x3f c:\users\ryan\mentorgraphics\sourcery_codebench_lite_for_arm_eabi\bin\../arm-none-eabi/lib\libc.a(lib_a-assert.o)
                                 0x44 (size before relaxing)
 *fill*         0x20027ebb        0x1 
 .rodata        0x20027ebc      0x104 c:\users\ryan\mentorgraphics\sourcery_codebench_lite_for_arm_eabi\bin\../arm-none-eabi/lib\libc.a(lib_a-ctype_.o)
                0x20027ebc                _ctype_
 .rodata        0x20027fc0        0x4 c:\users\ryan\mentorgraphics\sourcery_codebench_lite_for_arm_eabi\bin\../arm-none-eabi/lib\libc.a(lib_a-impure.o)
                0x20027fc0                _global_impure_ptr
 .rodata.str1.4
                0x20027fc4        0x2 c:\users\ryan\mentorgraphics\sourcery_codebench_lite_for_arm_eabi\bin\../arm-none-eabi/lib\libc.a(lib_a-impure.o)
                                  0x4 (size before relaxing)
 *fill*         0x20027fc6        0x2 
 .rodata        0x20027fc8       0x20 c:\users\ryan\mentorgraphics\sourcery_codebench_lite_for_arm_eabi\bin\../arm-none-eabi/lib\libc.a(lib_a-svfprintf.o)
 .rodata.str1.4
                0x20027fe8       0x42 c:\users\ryan\mentorgraphics\sourcery_codebench_lite_for_arm_eabi\bin\../arm-none-eabi/lib\libc.a(lib_a-svfprintf.o)
                                 0x44 (size before relaxing)
 *fill*         0x2002802a        0x2 
 .rodata        0x2002802c       0x20 c:\users\ryan\mentorgraphics\sourcery_codebench_lite_for_arm_eabi\bin\../arm-none-eabi/lib\libc.a(lib_a-vfiprintf.o)
 .rodata.str1.4
                0x00000000       0x30 c:\users\ryan\mentorgraphics\sourcery_codebench_lite_for_arm_eabi\bin\../arm-none-eabi/lib\libc.a(lib_a-vfiprintf.o)
 .rodata.str1.4
                0x2002804c       0x10 c:\users\ryan\mentorgraphics\sourcery_codebench_lite_for_arm_eabi\bin\../arm-none-eabi/lib\libc.a(lib_a-dtoa.o)
                                 0x14 (size before relaxing)
 .rodata.str1.4
                0x2002805c        0xc c:\users\ryan\mentorgraphics\sourcery_codebench_lite_for_arm_eabi\bin\../arm-none-eabi/lib\libc.a(lib_a-locale.o)
                                 0x14 (size before relaxing)
 .rodata        0x20028068      0x128 c:\users\ryan\mentorgraphics\sourcery_codebench_lite_for_arm_eabi\bin\../arm-none-eabi/lib\libc.a(lib_a-mprec.o)
                0x20028078                __mprec_tens
                0x20028140                __mprec_tinytens
                0x20028168                __mprec_bigtens
 .rodata        0x20028190       0x20 c:\users\ryan\mentorgraphics\sourcery_codebench_lite_for_arm_eabi\bin\../arm-none-eabi/lib\libc.a(lib_a-svfiprintf.o)
 .rodata.str1.4
                0x00000000       0x30 c:\users\ryan\mentorgraphics\sourcery_codebench_lite_for_arm_eabi\bin\../arm-none-eabi/lib\libc.a(lib_a-svfiprintf.o)
 .rodata        0x200281b0       0x3f ../../../../libraries/libchip_sam9xx5/lib\libchip_sam9g15_gcc_rel.a(pmc.o)
 .rodata.str1.1
                0x200281ef       0x1d ../../../../libraries/libchip_sam9xx5/lib\libchip_sam9g15_gcc_rel.a(pmc.o)
 .rodata        0x2002820c       0xbb ../../../../libraries/libchip_sam9xx5/lib\libchip_sam9g15_gcc_rel.a(twi.o)
 .rodata.str1.1
                0x200282c7       0xb7 ../../../../libraries/libchip_sam9xx5/lib\libchip_sam9g15_gcc_rel.a(twi.o)
 .rodata        0x2002837e       0x32 ../../../../libraries/libchip_sam9xx5/lib\libchip_sam9g15_gcc_rel.a(twid.o)
 .rodata.str1.1
                0x200283b0       0x34 ../../../../libraries/libchip_sam9xx5/lib\libchip_sam9g15_gcc_rel.a(twid.o)
                                 0x7e (size before relaxing)
 .rodata        0x200283e4       0xdb ../../../../libraries/libboard_sam9xx5-ek/lib\libboard_sam9g15_ek_gcc_rel.a(dmad.o)
 .rodata.str1.1
                0x200284bf       0x22 ../../../../libraries/libboard_sam9xx5-ek/lib\libboard_sam9g15_ek_gcc_rel.a(dmad.o)
 .rodata        0x200284e1       0x29 ../../../../libraries/libboard_sam9xx5-ek/lib\libboard_sam9g15_ek_gcc_rel.a(lcd_font.o)
                0x20028508                gFont
 .rodata.str1.1
                0x2002850a       0x33 ../../../../libraries/libboard_sam9xx5-ek/lib\libboard_sam9g15_ek_gcc_rel.a(lcd_font.o)
 .rodata        0x2002853d      0x780 ../../../../libraries/libboard_sam9xx5-ek/lib\libboard_sam9g15_ek_gcc_rel.a(lcd_font10x14.o)
                0x2002853d                pCharset10x14
 *fill*         0x20028cbd        0x3 
 .rodata        0x20028cc0       0x24 ../../../../libraries/libboard_sam9xx5-ek/lib\libboard_sam9g15_ek_gcc_rel.a(lcdd.o)
 .rodata.str1.1
                0x20028ce4       0x19 ../../../../libraries/libboard_sam9xx5-ek/lib\libboard_sam9g15_ek_gcc_rel.a(syscalls.o)
 *fill*         0x20028cfd        0x3 
 .rodata        0x20028d00       0x24 ../../../../libraries/libboard_sam9xx5-ek/lib\libboard_sam9g15_ek_gcc_rel.a(dbgu_console.o)
 .rodata        0x20028d24      0x174 ../../../../libraries/libboard_sam9xx5-ek/lib\libboard_sam9g15_ek_gcc_rel.a(dma_hardware_interface.o)
 .rodata        0x20028e98      0x2d0 ../../../../libraries/libspiflash/lib\libspiflash_gcc_rel.a(at25_spi.o)
 .rodata.str1.1
                0x20029168      0x116 ../../../../libraries/libspiflash/lib\libspiflash_gcc_rel.a(at25_spi.o)
                                0x11c (size before relaxing)
 .rodata        0x2002927e       0xb2 ../../../../libraries/libspiflash/lib\libspiflash_gcc_rel.a(at25d.o)
 .rodata.str1.1
                0x20029330       0x1b ../../../../libraries/libspiflash/lib\libspiflash_gcc_rel.a(at25d.o)
                                 0x28 (size before relaxing)
 .rodata        0x2002934b      0x2d3 ../../../../libraries/libchip_sam9xx5/lib\libchip_sam9g15_gcc_rel.a(dmac.o)
 .rodata.str1.1
                0x2002961e       0x41 ../../../../libraries/libchip_sam9xx5/lib\libchip_sam9g15_gcc_rel.a(dmac.o)
 *(.ARM.extab* .gnu.linkonce.armextab.*)
                0x20029660                . = ALIGN (0x4)
 *fill*         0x2002965f        0x1 
 *(.init)
 .init          0x20029660        0xc c:/users/ryan/mentorgraphics/sourcery_codebench_lite_for_arm_eabi/bin/../lib/gcc/arm-none-eabi/4.8.3/crti.o
                0x20029660                _init
 .init          0x2002966c        0xc c:/users/ryan/mentorgraphics/sourcery_codebench_lite_for_arm_eabi/bin/../lib/gcc/arm-none-eabi/4.8.3/crtn.o
                0x20029678                . = ALIGN (0x4)
                0x20029678                __preinit_array_start = .
 *(.preinit_array)
                0x20029678                __preinit_array_end = .
                0x20029678                . = ALIGN (0x4)
                0x20029678                __init_array_start = .
 *(SORT(.init_array.*))
 *(.init_array)
 .init_array    0x20029678        0x4 c:/users/ryan/mentorgraphics/sourcery_codebench_lite_for_arm_eabi/bin/../lib/gcc/arm-none-eabi/4.8.3/crtbegin.o
                0x2002967c                __init_array_end = .
                0x2002967c                . = ALIGN (0x4)
 *crtbegin.o(.ctors)
 *(EXCLUDE_FILE(*crtend.o) .ctors)
 *(SORT(.ctors.*))
 *crtend.o(.ctors)
                0x2002967c                . = ALIGN (0x4)
 *(.fini)
 .fini          0x2002967c        0xc c:/users/ryan/mentorgraphics/sourcery_codebench_lite_for_arm_eabi/bin/../lib/gcc/arm-none-eabi/4.8.3/crti.o
                0x2002967c                _fini
 .fini          0x20029688        0xc c:/users/ryan/mentorgraphics/sourcery_codebench_lite_for_arm_eabi/bin/../lib/gcc/arm-none-eabi/4.8.3/crtn.o
                0x20029694                . = ALIGN (0x4)
                0x20029694                __fini_array_start = .
 *(.fini_array)
 .fini_array    0x20029694        0x4 c:/users/ryan/mentorgraphics/sourcery_codebench_lite_for_arm_eabi/bin/../lib/gcc/arm-none-eabi/4.8.3/crtbegin.o
 *(SORT(.fini_array.*))
                0x20029698                __fini_array_end = .
 *crtbegin.o(.dtors)
 *(EXCLUDE_FILE(*crtend.o) .dtors)
 *(SORT(.dtors.*))
 *crtend.o(.dtors)
 *(.data .data.*)
 .data          0x20029698        0x8 obj/ddram_EPSGlobal.o
                0x20029698                bBackLight
                0x2002969c                pCanvasBuffer
 .data          0x200296a0       0x30 obj/ddram_SPIStor_EPS.o
 .data          0x200296d0       0x40 obj/ddram_PBKDF2_HMACSHA256.o
 .data          0x20029710        0x4 c:\users\ryan\mentorgraphics\sourcery_codebench_lite_for_arm_eabi\bin\../arm-none-eabi/lib\libc.a(lib_a-ctype_.o)
                0x20029710                __ctype_ptr__
 *fill*         0x20029714        0x4 
 .data          0x20029718      0x430 c:\users\ryan\mentorgraphics\sourcery_codebench_lite_for_arm_eabi\bin\../arm-none-eabi/lib\libc.a(lib_a-impure.o)
                0x20029718                _impure_ptr
 .data          0x20029b48       0x7c c:\users\ryan\mentorgraphics\sourcery_codebench_lite_for_arm_eabi\bin\../arm-none-eabi/lib\libc.a(lib_a-locale.o)
                0x20029b68                __mb_cur_max
 .data          0x20029bc4      0x410 c:\users\ryan\mentorgraphics\sourcery_codebench_lite_for_arm_eabi\bin\../arm-none-eabi/lib\libc.a(lib_a-mallocr.o)
                0x20029bc4                __malloc_av_
                0x20029fcc                __malloc_sbrk_base
                0x20029fd0                __malloc_trim_threshold
 .data          0x20029fd4        0x4 c:\users\ryan\mentorgraphics\sourcery_codebench_lite_for_arm_eabi\bin\../arm-none-eabi/lib\libc.a(lib_a-wctomb_r.o)
                0x20029fd4                __wctomb
 .data          0x20029fd8       0x1c ../../../../libraries/libboard_sam9xx5-ek/lib\libboard_sam9g15_ek_gcc_rel.a(dbgu_console.o)
                0x20029ff4                . = ALIGN (0x4)
                0x20029ff4                _efixed = .

.vfp11_veneer   0x20029ff4        0x0
 .vfp11_veneer  0x00000000        0x0 linker stubs

.v4_bx          0x20029ff4        0x0
 .v4_bx         0x00000000        0x0 linker stubs

.iplt           0x20029ff4        0x0
 .iplt          0x00000000        0x0 c:/users/ryan/mentorgraphics/sourcery_codebench_lite_for_arm_eabi/bin/../lib/gcc/arm-none-eabi/4.8.3/crtbegin.o
                0x20029ff4                . = ALIGN (0x4)
                0x20029ff4                _etext = .

.prerelocate    0x00300000        0x0 load address 0x20029ff4
                0x00300000                . = ALIGN (0x4)
                0x00300000                _sprerelocate = .
                0x00300000                . = ALIGN (0x4)
                0x00300000                _eprerelocate = .

.postrelocate   0x00300000       0x6c load address 0x20029ff4
                0x00300000                . = ALIGN (0x4)
                0x00300000                _spostrelocate = .
 *(.vectors)
 .vectors       0x00300000       0x6c ../../../../libraries/libboard_sam9xx5-ek/lib\libboard_sam9g15_ek_gcc_rel.a(board_cstartup_gnu.o)
 *(.ramfunc)
                0x0030006c                . = ALIGN (0x4)
                0x0030006c                _epostrelocate = .

.eh_frame       0x0030006c        0x0 load address 0x2002a060
 .eh_frame      0x0030006c        0x0 c:/users/ryan/mentorgraphics/sourcery_codebench_lite_for_arm_eabi/bin/../lib/gcc/arm-none-eabi/4.8.3/crtbegin.o

.jcr            0x0030006c        0x0 load address 0x2002a060
 .jcr           0x0030006c        0x0 c:/users/ryan/mentorgraphics/sourcery_codebench_lite_for_arm_eabi/bin/../lib/gcc/arm-none-eabi/4.8.3/crtbegin.o

.tm_clone_table
                0x0030006c        0x0 load address 0x2002a060
 .tm_clone_table
                0x0030006c        0x0 c:/users/ryan/mentorgraphics/sourcery_codebench_lite_for_arm_eabi/bin/../lib/gcc/arm-none-eabi/4.8.3/crtbegin.o
 .tm_clone_table
                0x0030006c        0x0 c:/users/ryan/mentorgraphics/sourcery_codebench_lite_for_arm_eabi/bin/../lib/gcc/arm-none-eabi/4.8.3/crtend.o

.igot.plt       0x0030006c        0x0 load address 0x2002a060
 .igot.plt      0x00000000        0x0 c:/users/ryan/mentorgraphics/sourcery_codebench_lite_for_arm_eabi/bin/../lib/gcc/arm-none-eabi/4.8.3/crtbegin.o

.bss            0x20029ff4     0x3c8c
                0x20029ff4                . = ALIGN (0x4)
                0x20029ff4                _sbss = .
                0x20029ff4                _szero = .
 *(.bss .bss.*)
 .bss           0x20029ff4       0x1c c:/users/ryan/mentorgraphics/sourcery_codebench_lite_for_arm_eabi/bin/../lib/gcc/arm-none-eabi/4.8.3/crtbegin.o
 .bss           0x2002a010      0x11c obj/ddram_SPIStor_EPS.o
 .bss           0x2002a12c       0x34 c:\users\ryan\mentorgraphics\sourcery_codebench_lite_for_arm_eabi\bin\../arm-none-eabi/lib\libc.a(lib_a-mallocr.o)
                0x2002a12c                __malloc_top_pad
                0x2002a130                __malloc_current_mallinfo
                0x2002a158                __malloc_max_sbrked_mem
                0x2002a15c                __malloc_max_total_mem
 .bss           0x2002a160        0x4 ../../../../libraries/libchip_sam9xx5/lib\libchip_sam9g15_gcc_rel.a(adc.o)
 .bss           0x2002a164        0x4 ../../../../libraries/libboard_sam9xx5-ek/lib\libboard_sam9g15_ek_gcc_rel.a(lcd_draw.o)
 .bss           0x2002a168       0x74 ../../../../libraries/libboard_sam9xx5-ek/lib\libboard_sam9g15_ek_gcc_rel.a(lcdd.o)
 .bss           0x2002a1dc        0x4 ../../../../libraries/libboard_sam9xx5-ek/lib\libboard_sam9g15_ek_gcc_rel.a(syscalls.o)
 .bss           0x2002a1e0        0x1 ../../../../libraries/libboard_sam9xx5-ek/lib\libboard_sam9g15_ek_gcc_rel.a(dbgu_console.o)
                0x2002a1e0                _bConsoleIsInitialized
 *fill*         0x2002a1e1        0x3 
 .bss           0x2002a1e4       0x58 ../../../../libraries/libspiflash/lib\libspiflash_gcc_rel.a(spid_dma.o)
 *(COMMON)
 COMMON         0x2002a23c     0x3734 obj/ddram_EPSGlobal.o
                0x2002a23c                currentViewAccount
                0x2002a240                twid
                0x2002a248                currentState
                0x2002a24c                IVsInUse
                0x2002d93c                powerCheckCounter
                0x2002d940                currentViewPage
                0x2002d944                key
                0x2002d964                ADCData
                0x2002d968                pAdc
                0x2002d96c                IVsInUse_arSz
 COMMON         0x2002d970      0x2a0 obj/ddram_textEntry.o
                0x2002d970                keyOrd
                0x2002d9d0                currentKb
 COMMON         0x2002dc10       0x40 obj/ddram_touchCtrl.o
                0x2002dc10                pData
 COMMON         0x2002dc50       0x2c obj/ddram_SPIStor_EPS.o
                0x2002dc50                at25
 COMMON         0x2002dc7c        0x4 c:\users\ryan\mentorgraphics\sourcery_codebench_lite_for_arm_eabi\bin\../arm-none-eabi/lib\libc.a(lib_a-reent.o)
                0x2002dc7c                errno
                0x2002dc80                . = ALIGN (0x4)
                0x2002dc80                _ebss = .
                0x2002dc80                _ezero = .
                0x2002dc80                PROVIDE (__exidx_start, .)

.ARM.exidx      0x0030006c        0x8 load address 0x2002a060
 *(.ARM.exidx* .gnu.linkonce.armexidx.*)
 .ARM.exidx     0x0030006c        0x8 c:/users/ryan/mentorgraphics/sourcery_codebench_lite_for_arm_eabi/bin/../lib/gcc/arm-none-eabi/4.8.3\libgcc.a(_divdi3.o)
 .ARM.exidx     0x00300074        0x0 c:/users/ryan/mentorgraphics/sourcery_codebench_lite_for_arm_eabi/bin/../lib/gcc/arm-none-eabi/4.8.3\libgcc.a(_udivdi3.o)
                                  0x8 (size before relaxing)
                0x00300074                PROVIDE (__exidx_end, .)
                0x20800000                PROVIDE (_heap, 0x20800000)
                0x22000000                _sstack = 0x22000000
                0x00300074                . = ALIGN (0x4)
                0x00300074                _end = .
OUTPUT(bin/EPS_mainsafe_sam9g15_ek_sam9g15-ddram.elf elf32-littlearm)

.rel.dyn        0x00300074        0x0 load address 0x2002a068
 .rel.iplt      0x00000000        0x0 c:/users/ryan/mentorgraphics/sourcery_codebench_lite_for_arm_eabi/bin/../lib/gcc/arm-none-eabi/4.8.3/crtbegin.o

.ARM.attributes
                0x00000000       0x2d
 .ARM.attributes
                0x00000000       0x16 c:/users/ryan/mentorgraphics/sourcery_codebench_lite_for_arm_eabi/bin/../lib/gcc/arm-none-eabi/4.8.3/crti.o
 .ARM.attributes
                0x00000016       0x30 c:/users/ryan/mentorgraphics/sourcery_codebench_lite_for_arm_eabi/bin/../lib/gcc/arm-none-eabi/4.8.3/crtbegin.o
 .ARM.attributes
                0x00000046       0x30 obj/ddram_main.o
 .ARM.attributes
                0x00000076       0x30 obj/ddram_EPSGlobal.o
 .ARM.attributes
                0x000000a6       0x30 obj/ddram_textEntry.o
 .ARM.attributes
                0x000000d6       0x30 obj/ddram_touchCtrl.o
 .ARM.attributes
                0x00000106       0x30 obj/ddram_SPIStor_EPS.o
 .ARM.attributes
                0x00000136       0x30 obj/ddram_aes.o
 .ARM.attributes
                0x00000166       0x30 obj/ddram_convEndian.o
 .ARM.attributes
                0x00000196       0x30 obj/ddram_PBKDF2_HMACSHA256.o
 .ARM.attributes
                0x000001c6       0x30 obj/ddram_scrypt.o
 .ARM.attributes
                0x000001f6       0x18 c:/users/ryan/mentorgraphics/sourcery_codebench_lite_for_arm_eabi/bin/../lib/gcc/arm-none-eabi/4.8.3\libgcc.a(_udivsi3.o)
 .ARM.attributes
                0x0000020e       0x18 c:/users/ryan/mentorgraphics/sourcery_codebench_lite_for_arm_eabi/bin/../lib/gcc/arm-none-eabi/4.8.3\libgcc.a(_dvmd_tls.o)
 .ARM.attributes
                0x00000226       0x30 c:\users\ryan\mentorgraphics\sourcery_codebench_lite_for_arm_eabi\bin\../arm-none-eabi/lib\libc.a(lib_a-assert.o)
 .ARM.attributes
                0x00000256       0x30 c:\users\ryan\mentorgraphics\sourcery_codebench_lite_for_arm_eabi\bin\../arm-none-eabi/lib\libc.a(lib_a-atoi.o)
 .ARM.attributes
                0x00000286       0x30 c:\users\ryan\mentorgraphics\sourcery_codebench_lite_for_arm_eabi\bin\../arm-none-eabi/lib\libc.a(lib_a-ctype_.o)
 .ARM.attributes
                0x000002b6       0x30 c:\users\ryan\mentorgraphics\sourcery_codebench_lite_for_arm_eabi\bin\../arm-none-eabi/lib\libc.a(lib_a-fiprintf.o)
 .ARM.attributes
                0x000002e6       0x30 c:\users\ryan\mentorgraphics\sourcery_codebench_lite_for_arm_eabi\bin\../arm-none-eabi/lib\libc.a(lib_a-impure.o)
 .ARM.attributes
                0x00000316       0x30 c:\users\ryan\mentorgraphics\sourcery_codebench_lite_for_arm_eabi\bin\../arm-none-eabi/lib\libc.a(lib_a-iprintf.o)
 .ARM.attributes
                0x00000346       0x30 c:\users\ryan\mentorgraphics\sourcery_codebench_lite_for_arm_eabi\bin\../arm-none-eabi/lib\libc.a(lib_a-memcmp.o)
 .ARM.attributes
                0x00000376       0x30 c:\users\ryan\mentorgraphics\sourcery_codebench_lite_for_arm_eabi\bin\../arm-none-eabi/lib\libc.a(lib_a-memcpy-stub.o)
 .ARM.attributes
                0x000003a6       0x30 c:\users\ryan\mentorgraphics\sourcery_codebench_lite_for_arm_eabi\bin\../arm-none-eabi/lib\libc.a(lib_a-memset.o)
 .ARM.attributes
                0x000003d6       0x30 c:\users\ryan\mentorgraphics\sourcery_codebench_lite_for_arm_eabi\bin\../arm-none-eabi/lib\libc.a(lib_a-rand.o)
 .ARM.attributes
                0x00000406       0x30 c:\users\ryan\mentorgraphics\sourcery_codebench_lite_for_arm_eabi\bin\../arm-none-eabi/lib\libc.a(lib_a-sprintf.o)
 .ARM.attributes
                0x00000436       0x30 c:\users\ryan\mentorgraphics\sourcery_codebench_lite_for_arm_eabi\bin\../arm-none-eabi/lib\libc.a(lib_a-strcat.o)
 .ARM.attributes
                0x00000466       0x30 c:\users\ryan\mentorgraphics\sourcery_codebench_lite_for_arm_eabi\bin\../arm-none-eabi/lib\libc.a(lib_a-strcpy.o)
 .ARM.attributes
                0x00000496       0x30 c:\users\ryan\mentorgraphics\sourcery_codebench_lite_for_arm_eabi\bin\../arm-none-eabi/lib\libc.a(lib_a-strlen.o)
 .ARM.attributes
                0x000004c6       0x30 c:\users\ryan\mentorgraphics\sourcery_codebench_lite_for_arm_eabi\bin\../arm-none-eabi/lib\libc.a(lib_a-strtol.o)
 .ARM.attributes
                0x000004f6       0x30 c:\users\ryan\mentorgraphics\sourcery_codebench_lite_for_arm_eabi\bin\../arm-none-eabi/lib\libc.a(lib_a-svfprintf.o)
 .ARM.attributes
                0x00000526       0x30 c:\users\ryan\mentorgraphics\sourcery_codebench_lite_for_arm_eabi\bin\../arm-none-eabi/lib\libc.a(lib_a-vfiprintf.o)
 .ARM.attributes
                0x00000556       0x30 c:\users\ryan\mentorgraphics\sourcery_codebench_lite_for_arm_eabi\bin\../arm-none-eabi/lib\libc.a(lib_a-wsetup.o)
 .ARM.attributes
                0x00000586       0x30 c:\users\ryan\mentorgraphics\sourcery_codebench_lite_for_arm_eabi\bin\../arm-none-eabi/lib\libc.a(lib_a-abort.o)
 .ARM.attributes
                0x000005b6       0x30 c:\users\ryan\mentorgraphics\sourcery_codebench_lite_for_arm_eabi\bin\../arm-none-eabi/lib\libc.a(lib_a-dtoa.o)
 .ARM.attributes
                0x000005e6       0x30 c:\users\ryan\mentorgraphics\sourcery_codebench_lite_for_arm_eabi\bin\../arm-none-eabi/lib\libc.a(lib_a-fflush.o)
 .ARM.attributes
                0x00000616       0x30 c:\users\ryan\mentorgraphics\sourcery_codebench_lite_for_arm_eabi\bin\../arm-none-eabi/lib\libc.a(lib_a-findfp.o)
 .ARM.attributes
                0x00000646       0x30 c:\users\ryan\mentorgraphics\sourcery_codebench_lite_for_arm_eabi\bin\../arm-none-eabi/lib\libc.a(lib_a-fputwc.o)
 .ARM.attributes
                0x00000676       0x30 c:\users\ryan\mentorgraphics\sourcery_codebench_lite_for_arm_eabi\bin\../arm-none-eabi/lib\libc.a(lib_a-freer.o)
 .ARM.attributes
                0x000006a6       0x30 c:\users\ryan\mentorgraphics\sourcery_codebench_lite_for_arm_eabi\bin\../arm-none-eabi/lib\libc.a(lib_a-fvwrite.o)
 .ARM.attributes
                0x000006d6       0x30 c:\users\ryan\mentorgraphics\sourcery_codebench_lite_for_arm_eabi\bin\../arm-none-eabi/lib\libc.a(lib_a-fwalk.o)
 .ARM.attributes
                0x00000706       0x30 c:\users\ryan\mentorgraphics\sourcery_codebench_lite_for_arm_eabi\bin\../arm-none-eabi/lib\libc.a(lib_a-locale.o)
 .ARM.attributes
                0x00000736       0x30 c:\users\ryan\mentorgraphics\sourcery_codebench_lite_for_arm_eabi\bin\../arm-none-eabi/lib\libc.a(lib_a-makebuf.o)
 .ARM.attributes
                0x00000766       0x30 c:\users\ryan\mentorgraphics\sourcery_codebench_lite_for_arm_eabi\bin\../arm-none-eabi/lib\libc.a(lib_a-mallocr.o)
 .ARM.attributes
                0x00000796       0x30 c:\users\ryan\mentorgraphics\sourcery_codebench_lite_for_arm_eabi\bin\../arm-none-eabi/lib\libc.a(lib_a-memchr-stub.o)
 .ARM.attributes
                0x000007c6       0x30 c:\users\ryan\mentorgraphics\sourcery_codebench_lite_for_arm_eabi\bin\../arm-none-eabi/lib\libc.a(lib_a-memmove.o)
 .ARM.attributes
                0x000007f6       0x30 c:\users\ryan\mentorgraphics\sourcery_codebench_lite_for_arm_eabi\bin\../arm-none-eabi/lib\libc.a(lib_a-mlock.o)
 .ARM.attributes
                0x00000826       0x30 c:\users\ryan\mentorgraphics\sourcery_codebench_lite_for_arm_eabi\bin\../arm-none-eabi/lib\libc.a(lib_a-mprec.o)
 .ARM.attributes
                0x00000856       0x30 c:\users\ryan\mentorgraphics\sourcery_codebench_lite_for_arm_eabi\bin\../arm-none-eabi/lib\libc.a(lib_a-reallocr.o)
 .ARM.attributes
                0x00000886       0x30 c:\users\ryan\mentorgraphics\sourcery_codebench_lite_for_arm_eabi\bin\../arm-none-eabi/lib\libc.a(lib_a-s_fpclassify.o)
 .ARM.attributes
                0x000008b6       0x30 c:\users\ryan\mentorgraphics\sourcery_codebench_lite_for_arm_eabi\bin\../arm-none-eabi/lib\libc.a(lib_a-sbrkr.o)
 .ARM.attributes
                0x000008e6       0x30 c:\users\ryan\mentorgraphics\sourcery_codebench_lite_for_arm_eabi\bin\../arm-none-eabi/lib\libc.a(lib_a-signal.o)
 .ARM.attributes
                0x00000916       0x30 c:\users\ryan\mentorgraphics\sourcery_codebench_lite_for_arm_eabi\bin\../arm-none-eabi/lib\libc.a(lib_a-signalr.o)
 .ARM.attributes
                0x00000946       0x30 c:\users\ryan\mentorgraphics\sourcery_codebench_lite_for_arm_eabi\bin\../arm-none-eabi/lib\libc.a(lib_a-stdio.o)
 .ARM.attributes
                0x00000976       0x16 c:\users\ryan\mentorgraphics\sourcery_codebench_lite_for_arm_eabi\bin\../arm-none-eabi/lib\libc.a(lib_a-strcmp.o)
 .ARM.attributes
                0x0000098c       0x30 c:\users\ryan\mentorgraphics\sourcery_codebench_lite_for_arm_eabi\bin\../arm-none-eabi/lib\libc.a(lib_a-svfiprintf.o)
 .ARM.attributes
                0x000009bc       0x30 c:\users\ryan\mentorgraphics\sourcery_codebench_lite_for_arm_eabi\bin\../arm-none-eabi/lib\libc.a(lib_a-wbuf.o)
 .ARM.attributes
                0x000009ec       0x30 c:\users\ryan\mentorgraphics\sourcery_codebench_lite_for_arm_eabi\bin\../arm-none-eabi/lib\libc.a(lib_a-wcrtomb.o)
 .ARM.attributes
                0x00000a1c       0x30 c:\users\ryan\mentorgraphics\sourcery_codebench_lite_for_arm_eabi\bin\../arm-none-eabi/lib\libc.a(lib_a-wctomb_r.o)
 .ARM.attributes
                0x00000a4c       0x30 c:\users\ryan\mentorgraphics\sourcery_codebench_lite_for_arm_eabi\bin\../arm-none-eabi/lib\libc.a(lib_a-writer.o)
 .ARM.attributes
                0x00000a7c       0x30 c:\users\ryan\mentorgraphics\sourcery_codebench_lite_for_arm_eabi\bin\../arm-none-eabi/lib\libc.a(lib_a-callocr.o)
 .ARM.attributes
                0x00000aac       0x30 c:\users\ryan\mentorgraphics\sourcery_codebench_lite_for_arm_eabi\bin\../arm-none-eabi/lib\libc.a(lib_a-closer.o)
 .ARM.attributes
                0x00000adc       0x30 c:\users\ryan\mentorgraphics\sourcery_codebench_lite_for_arm_eabi\bin\../arm-none-eabi/lib\libc.a(lib_a-fclose.o)
 .ARM.attributes
                0x00000b0c       0x30 c:\users\ryan\mentorgraphics\sourcery_codebench_lite_for_arm_eabi\bin\../arm-none-eabi/lib\libc.a(lib_a-fstatr.o)
 .ARM.attributes
                0x00000b3c       0x30 c:\users\ryan\mentorgraphics\sourcery_codebench_lite_for_arm_eabi\bin\../arm-none-eabi/lib\libc.a(lib_a-isattyr.o)
 .ARM.attributes
                0x00000b6c       0x30 c:\users\ryan\mentorgraphics\sourcery_codebench_lite_for_arm_eabi\bin\../arm-none-eabi/lib\libc.a(lib_a-lseekr.o)
 .ARM.attributes
                0x00000b9c       0x30 c:\users\ryan\mentorgraphics\sourcery_codebench_lite_for_arm_eabi\bin\../arm-none-eabi/lib\libc.a(lib_a-readr.o)
 .ARM.attributes
                0x00000bcc       0x30 c:\users\ryan\mentorgraphics\sourcery_codebench_lite_for_arm_eabi\bin\../arm-none-eabi/lib\libc.a(lib_a-reent.o)
 .ARM.attributes
                0x00000bfc       0x30 ../../../../libraries/libchip_sam9xx5/lib\libchip_sam9g15_gcc_rel.a(adc.o)
 .ARM.attributes
                0x00000c2c       0x30 ../../../../libraries/libchip_sam9xx5/lib\libchip_sam9g15_gcc_rel.a(aic.o)
 .ARM.attributes
                0x00000c5c       0x30 ../../../../libraries/libchip_sam9xx5/lib\libchip_sam9g15_gcc_rel.a(pio.o)
 .ARM.attributes
                0x00000c8c       0x30 ../../../../libraries/libchip_sam9xx5/lib\libchip_sam9g15_gcc_rel.a(pmc.o)
 .ARM.attributes
                0x00000cbc       0x30 ../../../../libraries/libchip_sam9xx5/lib\libchip_sam9g15_gcc_rel.a(twi.o)
 .ARM.attributes
                0x00000cec       0x30 ../../../../libraries/libchip_sam9xx5/lib\libchip_sam9g15_gcc_rel.a(twid.o)
 .ARM.attributes
                0x00000d1c       0x30 ../../../../libraries/libchip_sam9xx5/lib\libchip_sam9g15_gcc_rel.a(wdt.o)
 .ARM.attributes
                0x00000d4c       0x30 ../../../../libraries/libboard_sam9xx5-ek/lib\libboard_sam9g15_ek_gcc_rel.a(dmad.o)
 .ARM.attributes
                0x00000d7c       0x30 ../../../../libraries/libboard_sam9xx5-ek/lib\libboard_sam9g15_ek_gcc_rel.a(lcd_draw.o)
 .ARM.attributes
                0x00000dac       0x30 ../../../../libraries/libboard_sam9xx5-ek/lib\libboard_sam9g15_ek_gcc_rel.a(lcd_font.o)
 .ARM.attributes
                0x00000ddc       0x30 ../../../../libraries/libboard_sam9xx5-ek/lib\libboard_sam9g15_ek_gcc_rel.a(lcd_font10x14.o)
 .ARM.attributes
                0x00000e0c       0x30 ../../../../libraries/libboard_sam9xx5-ek/lib\libboard_sam9g15_ek_gcc_rel.a(lcdd.o)
 .ARM.attributes
                0x00000e3c       0x30 ../../../../libraries/libboard_sam9xx5-ek/lib\libboard_sam9g15_ek_gcc_rel.a(syscalls.o)
 .ARM.attributes
                0x00000e6c       0x18 ../../../../libraries/libboard_sam9xx5-ek/lib\libboard_sam9g15_ek_gcc_rel.a(board_cstartup_gnu.o)
 .ARM.attributes
                0x00000e84       0x30 ../../../../libraries/libboard_sam9xx5-ek/lib\libboard_sam9g15_ek_gcc_rel.a(board_lowlevel.o)
 .ARM.attributes
                0x00000eb4       0x30 ../../../../libraries/libboard_sam9xx5-ek/lib\libboard_sam9g15_ek_gcc_rel.a(board_memories.o)
 .ARM.attributes
                0x00000ee4       0x30 ../../../../libraries/libboard_sam9xx5-ek/lib\libboard_sam9g15_ek_gcc_rel.a(dbgu_console.o)
 .ARM.attributes
                0x00000f14       0x30 ../../../../libraries/libboard_sam9xx5-ek/lib\libboard_sam9g15_ek_gcc_rel.a(dma_hardware_interface.o)
 .ARM.attributes
                0x00000f44       0x34 ../../../../libraries/libspiflash/lib\libspiflash_gcc_rel.a(at25_spi.o)
 .ARM.attributes
                0x00000f78       0x34 ../../../../libraries/libspiflash/lib\libspiflash_gcc_rel.a(at25d.o)
 .ARM.attributes
                0x00000fac       0x34 ../../../../libraries/libspiflash/lib\libspiflash_gcc_rel.a(spid_dma.o)
 .ARM.attributes
                0x00000fe0       0x18 c:/users/ryan/mentorgraphics/sourcery_codebench_lite_for_arm_eabi/bin/../lib/gcc/arm-none-eabi/4.8.3\libgcc.a(_arm_addsubdf3.o)
 .ARM.attributes
                0x00000ff8       0x18 c:/users/ryan/mentorgraphics/sourcery_codebench_lite_for_arm_eabi/bin/../lib/gcc/arm-none-eabi/4.8.3\libgcc.a(_arm_muldivdf3.o)
 .ARM.attributes
                0x00001010       0x18 c:/users/ryan/mentorgraphics/sourcery_codebench_lite_for_arm_eabi/bin/../lib/gcc/arm-none-eabi/4.8.3\libgcc.a(_arm_cmpdf2.o)
 .ARM.attributes
                0x00001028       0x18 c:/users/ryan/mentorgraphics/sourcery_codebench_lite_for_arm_eabi/bin/../lib/gcc/arm-none-eabi/4.8.3\libgcc.a(_arm_fixdfsi.o)
 .ARM.attributes
                0x00001040       0x18 c:/users/ryan/mentorgraphics/sourcery_codebench_lite_for_arm_eabi/bin/../lib/gcc/arm-none-eabi/4.8.3\libgcc.a(_aeabi_uldivmod.o)
 .ARM.attributes
                0x00001058       0x30 c:/users/ryan/mentorgraphics/sourcery_codebench_lite_for_arm_eabi/bin/../lib/gcc/arm-none-eabi/4.8.3\libgcc.a(bpabi.o)
 .ARM.attributes
                0x00001088       0x30 c:/users/ryan/mentorgraphics/sourcery_codebench_lite_for_arm_eabi/bin/../lib/gcc/arm-none-eabi/4.8.3\libgcc.a(_divdi3.o)
 .ARM.attributes
                0x000010b8       0x30 c:/users/ryan/mentorgraphics/sourcery_codebench_lite_for_arm_eabi/bin/../lib/gcc/arm-none-eabi/4.8.3\libgcc.a(_udivdi3.o)
 .ARM.attributes
                0x000010e8       0x18 c:/users/ryan/mentorgraphics/sourcery_codebench_lite_for_arm_eabi/bin/../lib/gcc/arm-none-eabi/4.8.3\libgcc.a(_clzsi2.o)
 .ARM.attributes
                0x00001100       0x30 c:\users\ryan\mentorgraphics\sourcery_codebench_lite_for_arm_eabi\bin\../arm-none-eabi/lib\libc.a(lib_a-init.o)
 .ARM.attributes
                0x00001130       0x30 c:\users\ryan\mentorgraphics\sourcery_codebench_lite_for_arm_eabi\bin\../arm-none-eabi/lib\libc.a(lib_a-setvbuf.o)
 .ARM.attributes
                0x00001160       0x30 c:\users\ryan\mentorgraphics\sourcery_codebench_lite_for_arm_eabi\bin\../arm-none-eabi/lib\libc.a(lib_a-malloc.o)
 .ARM.attributes
                0x00001190       0x30 ../../../../libraries/libchip_sam9xx5/lib\libchip_sam9g15_gcc_rel.a(dmac.o)
 .ARM.attributes
                0x000011c0       0x30 ../../../../libraries/libchip_sam9xx5/lib\libchip_sam9g15_gcc_rel.a(spi.o)
 .ARM.attributes
                0x000011f0       0x30 ../../../../libraries/libboard_sam9xx5-ek/lib\libboard_sam9g15_ek_gcc_rel.a(math.o)
 .ARM.attributes
                0x00001220       0x30 c:/users/ryan/mentorgraphics/sourcery_codebench_lite_for_arm_eabi/bin/../lib/gcc/arm-none-eabi/4.8.3/crtend.o
 .ARM.attributes
                0x00001250       0x18 c:/users/ryan/mentorgraphics/sourcery_codebench_lite_for_arm_eabi/bin/../lib/gcc/arm-none-eabi/4.8.3/crtn.o

.comment        0x00000000       0x70
 .comment       0x00000000       0x46 obj/ddram_main.o
                                 0x47 (size before relaxing)
 .comment       0x00000000       0x47 obj/ddram_EPSGlobal.o
 .comment       0x00000000       0x47 obj/ddram_textEntry.o
 .comment       0x00000000       0x47 obj/ddram_touchCtrl.o
 .comment       0x00000000       0x47 obj/ddram_SPIStor_EPS.o
 .comment       0x00000000       0x47 obj/ddram_aes.o
 .comment       0x00000000       0x47 obj/ddram_convEndian.o
 .comment       0x00000000       0x47 obj/ddram_PBKDF2_HMACSHA256.o
 .comment       0x00000000       0x47 obj/ddram_scrypt.o
 .comment       0x00000000       0x47 ../../../../libraries/libchip_sam9xx5/lib\libchip_sam9g15_gcc_rel.a(adc.o)
 .comment       0x00000000       0x47 ../../../../libraries/libchip_sam9xx5/lib\libchip_sam9g15_gcc_rel.a(aic.o)
 .comment       0x00000000       0x47 ../../../../libraries/libchip_sam9xx5/lib\libchip_sam9g15_gcc_rel.a(pio.o)
 .comment       0x00000000       0x47 ../../../../libraries/libchip_sam9xx5/lib\libchip_sam9g15_gcc_rel.a(pmc.o)
 .comment       0x00000000       0x47 ../../../../libraries/libchip_sam9xx5/lib\libchip_sam9g15_gcc_rel.a(twi.o)
 .comment       0x00000000       0x47 ../../../../libraries/libchip_sam9xx5/lib\libchip_sam9g15_gcc_rel.a(twid.o)
 .comment       0x00000000       0x47 ../../../../libraries/libchip_sam9xx5/lib\libchip_sam9g15_gcc_rel.a(wdt.o)
 .comment       0x00000000       0x47 ../../../../libraries/libboard_sam9xx5-ek/lib\libboard_sam9g15_ek_gcc_rel.a(dmad.o)
 .comment       0x00000000       0x47 ../../../../libraries/libboard_sam9xx5-ek/lib\libboard_sam9g15_ek_gcc_rel.a(lcd_draw.o)
 .comment       0x00000000       0x47 ../../../../libraries/libboard_sam9xx5-ek/lib\libboard_sam9g15_ek_gcc_rel.a(lcd_font.o)
 .comment       0x00000000       0x47 ../../../../libraries/libboard_sam9xx5-ek/lib\libboard_sam9g15_ek_gcc_rel.a(lcd_font10x14.o)
 .comment       0x00000000       0x47 ../../../../libraries/libboard_sam9xx5-ek/lib\libboard_sam9g15_ek_gcc_rel.a(lcdd.o)
 .comment       0x00000000       0x47 ../../../../libraries/libboard_sam9xx5-ek/lib\libboard_sam9g15_ek_gcc_rel.a(syscalls.o)
 .comment       0x00000000       0x47 ../../../../libraries/libboard_sam9xx5-ek/lib\libboard_sam9g15_ek_gcc_rel.a(board_lowlevel.o)
 .comment       0x00000000       0x47 ../../../../libraries/libboard_sam9xx5-ek/lib\libboard_sam9g15_ek_gcc_rel.a(board_memories.o)
 .comment       0x00000000       0x47 ../../../../libraries/libboard_sam9xx5-ek/lib\libboard_sam9g15_ek_gcc_rel.a(dbgu_console.o)
 .comment       0x00000000       0x47 ../../../../libraries/libboard_sam9xx5-ek/lib\libboard_sam9g15_ek_gcc_rel.a(dma_hardware_interface.o)
 .comment       0x00000046       0x2a ../../../../libraries/libspiflash/lib\libspiflash_gcc_rel.a(at25_spi.o)
                                 0x2b (size before relaxing)
 .comment       0x00000000       0x2b ../../../../libraries/libspiflash/lib\libspiflash_gcc_rel.a(at25d.o)
 .comment       0x00000000       0x2b ../../../../libraries/libspiflash/lib\libspiflash_gcc_rel.a(spid_dma.o)
 .comment       0x00000000       0x47 ../../../../libraries/libchip_sam9xx5/lib\libchip_sam9g15_gcc_rel.a(dmac.o)
 .comment       0x00000000       0x47 ../../../../libraries/libchip_sam9xx5/lib\libchip_sam9g15_gcc_rel.a(spi.o)
 .comment       0x00000000       0x47 ../../../../libraries/libboard_sam9xx5-ek/lib\libboard_sam9g15_ek_gcc_rel.a(math.o)

.debug_info     0x00000000    0x150c3
 .debug_info    0x00000000     0x1151 obj/ddram_main.o
 .debug_info    0x00001151     0x4e9e obj/ddram_EPSGlobal.o
 .debug_info    0x00005fef     0x87ca obj/ddram_textEntry.o
 .debug_info    0x0000e7b9     0x297c obj/ddram_touchCtrl.o
 .debug_info    0x00011135     0x1bd8 obj/ddram_SPIStor_EPS.o
 .debug_info    0x00012d0d      0xca9 obj/ddram_aes.o
 .debug_info    0x000139b6      0x26d obj/ddram_convEndian.o
 .debug_info    0x00013c23      0xc6c obj/ddram_PBKDF2_HMACSHA256.o
 .debug_info    0x0001488f      0x752 obj/ddram_scrypt.o
 .debug_info    0x00014fe1       0xe2 ../../../../libraries/libboard_sam9xx5-ek/lib\libboard_sam9g15_ek_gcc_rel.a(board_cstartup_gnu.o)

.debug_abbrev   0x00000000     0x18e4
 .debug_abbrev  0x00000000      0x204 obj/ddram_main.o
 .debug_abbrev  0x00000204      0x4c5 obj/ddram_EPSGlobal.o
 .debug_abbrev  0x000006c9      0x321 obj/ddram_textEntry.o
 .debug_abbrev  0x000009ea      0x295 obj/ddram_touchCtrl.o
 .debug_abbrev  0x00000c7f      0x382 obj/ddram_SPIStor_EPS.o
 .debug_abbrev  0x00001001      0x2ac obj/ddram_aes.o
 .debug_abbrev  0x000012ad       0xdd obj/ddram_convEndian.o
 .debug_abbrev  0x0000138a      0x2fb obj/ddram_PBKDF2_HMACSHA256.o
 .debug_abbrev  0x00001685      0x24d obj/ddram_scrypt.o
 .debug_abbrev  0x000018d2       0x12 ../../../../libraries/libboard_sam9xx5-ek/lib\libboard_sam9g15_ek_gcc_rel.a(board_cstartup_gnu.o)

.debug_aranges  0x00000000      0x3b0
 .debug_aranges
                0x00000000       0x20 obj/ddram_main.o
 .debug_aranges
                0x00000020      0x100 obj/ddram_EPSGlobal.o
 .debug_aranges
                0x00000120       0x40 obj/ddram_textEntry.o
 .debug_aranges
                0x00000160       0x68 obj/ddram_touchCtrl.o
 .debug_aranges
                0x000001c8       0x60 obj/ddram_SPIStor_EPS.o
 .debug_aranges
                0x00000228       0x80 obj/ddram_aes.o
 .debug_aranges
                0x000002a8       0x58 obj/ddram_convEndian.o
 .debug_aranges
                0x00000300       0x58 obj/ddram_PBKDF2_HMACSHA256.o
 .debug_aranges
                0x00000358       0x30 obj/ddram_scrypt.o
 .debug_aranges
                0x00000388       0x28 ../../../../libraries/libboard_sam9xx5-ek/lib\libboard_sam9g15_ek_gcc_rel.a(board_cstartup_gnu.o)

.debug_ranges   0x00000000      0x390